                                      1 ;--------------------------------------------------------
                                      2 ; File Created by SDCC : free open source ANSI-C Compiler
                                      3 ; Version 3.6.0 #9615 (Linux)
                                      4 ;--------------------------------------------------------
                                      5 	.module stm8s_gpio
                                      6 	.optsdcc -mstm8
                                      7 	
                                      8 ;--------------------------------------------------------
                                      9 ; Public variables in this module
                                     10 ;--------------------------------------------------------
                                     11 	.globl _GPIO_DeInit
                                     12 	.globl _GPIO_Init
                                     13 	.globl _GPIO_Write
                                     14 	.globl _GPIO_WriteHigh
                                     15 	.globl _GPIO_WriteLow
                                     16 	.globl _GPIO_WriteReverse
                                     17 	.globl _GPIO_ReadOutputData
                                     18 	.globl _GPIO_ReadInputData
                                     19 	.globl _GPIO_ReadInputPin
                                     20 	.globl _GPIO_ExternalPullUpConfig
                                     21 ;--------------------------------------------------------
                                     22 ; ram data
                                     23 ;--------------------------------------------------------
                                     24 	.area DATA
                                     25 ;--------------------------------------------------------
                                     26 ; ram data
                                     27 ;--------------------------------------------------------
                                     28 	.area INITIALIZED
                                     29 ;--------------------------------------------------------
                                     30 ; absolute external ram data
                                     31 ;--------------------------------------------------------
                                     32 	.area DABS (ABS)
                                     33 ;--------------------------------------------------------
                                     34 ; global & static initialisations
                                     35 ;--------------------------------------------------------
                                     36 	.area HOME
                                     37 	.area GSINIT
                                     38 	.area GSFINAL
                                     39 	.area GSINIT
                                     40 ;--------------------------------------------------------
                                     41 ; Home
                                     42 ;--------------------------------------------------------
                                     43 	.area HOME
                                     44 	.area HOME
                                     45 ;--------------------------------------------------------
                                     46 ; code
                                     47 ;--------------------------------------------------------
                                     48 	.area CODE
                           000000    49 	Sstm8s_gpio$GPIO_DeInit$0 ==.
                                     50 ;	StdPeriphLib/src/stm8s_gpio.c: 53: void GPIO_DeInit(GPIO_TypeDef* GPIOx)
                                     51 ;	-----------------------------------------
                                     52 ;	 function GPIO_DeInit
                                     53 ;	-----------------------------------------
      000000                         54 _GPIO_DeInit:
      000000 3Bu00u01         [ 1]   55 	push	_fp_+1
      000003 3Bu00u00         [ 1]   56 	push	_fp_
      000006 90 96            [ 1]   57 	ldw	y, sp
      000008 90 CFu00u00      [ 2]   58 	ldw	_fp_, y
                           00000C    59 	Sstm8s_gpio$GPIO_DeInit$1 ==.
      00000C 52 02            [ 2]   60 	sub	sp, #2
                           00000E    61 	Sstm8s_gpio$GPIO_DeInit$2 ==.
                                     62 ;	StdPeriphLib/src/stm8s_gpio.c: 55: GPIOx->ODR = GPIO_ODR_RESET_VALUE; /* Reset Output Data Register */
      00000E 16 07            [ 2]   63 	ldw	y, (0x07, sp)
      000010 17 01            [ 2]   64 	ldw	(0x01, sp), y
      000012 1E 01            [ 2]   65 	ldw	x, (0x01, sp)
      000014 7F               [ 1]   66 	clr	(x)
                           000015    67 	Sstm8s_gpio$GPIO_DeInit$3 ==.
                                     68 ;	StdPeriphLib/src/stm8s_gpio.c: 56: GPIOx->DDR = GPIO_DDR_RESET_VALUE; /* Reset Data Direction Register */
      000015 1E 01            [ 2]   69 	ldw	x, (0x01, sp)
      000017 5C               [ 2]   70 	incw	x
      000018 5C               [ 2]   71 	incw	x
      000019 7F               [ 1]   72 	clr	(x)
                           00001A    73 	Sstm8s_gpio$GPIO_DeInit$4 ==.
                                     74 ;	StdPeriphLib/src/stm8s_gpio.c: 57: GPIOx->CR1 = GPIO_CR1_RESET_VALUE; /* Reset Control Register 1 */
      00001A 1E 01            [ 2]   75 	ldw	x, (0x01, sp)
      00001C 1C 00 03         [ 2]   76 	addw	x, #0x0003
      00001F 7F               [ 1]   77 	clr	(x)
                           000020    78 	Sstm8s_gpio$GPIO_DeInit$5 ==.
                                     79 ;	StdPeriphLib/src/stm8s_gpio.c: 58: GPIOx->CR2 = GPIO_CR2_RESET_VALUE; /* Reset Control Register 2 */
      000020 1E 01            [ 2]   80 	ldw	x, (0x01, sp)
      000022 1C 00 04         [ 2]   81 	addw	x, #0x0004
      000025 7F               [ 1]   82 	clr	(x)
                           000026    83 	Sstm8s_gpio$GPIO_DeInit$6 ==.
                                     84 ;	StdPeriphLib/src/stm8s_gpio.c: 59: }
      000026 5B 02            [ 2]   85 	addw	sp, #2
                           000028    86 	Sstm8s_gpio$GPIO_DeInit$7 ==.
                           000028    87 	XG$GPIO_DeInit$0$0 ==.
      000028 32u00u00         [ 1]   88 	pop	_fp_
      00002B 32u00u01         [ 1]   89 	pop	_fp_+1
      00002E 81               [ 4]   90 	ret
                           00002F    91 	Sstm8s_gpio$GPIO_DeInit$8 ==.
                           00002F    92 	Sstm8s_gpio$GPIO_Init$9 ==.
                                     93 ;	StdPeriphLib/src/stm8s_gpio.c: 71: void GPIO_Init(GPIO_TypeDef* GPIOx, GPIO_Pin_TypeDef GPIO_Pin, GPIO_Mode_TypeDef GPIO_Mode)
                                     94 ;	-----------------------------------------
                                     95 ;	 function GPIO_Init
                                     96 ;	-----------------------------------------
      00002F                         97 _GPIO_Init:
      00002F 3Bu00u01         [ 1]   98 	push	_fp_+1
      000032 3Bu00u00         [ 1]   99 	push	_fp_
      000035 90 96            [ 1]  100 	ldw	y, sp
      000037 90 CFu00u00      [ 2]  101 	ldw	_fp_, y
                           00003B   102 	Sstm8s_gpio$GPIO_Init$10 ==.
      00003B 52 05            [ 2]  103 	sub	sp, #5
                           00003D   104 	Sstm8s_gpio$GPIO_Init$11 ==.
                                    105 ;	StdPeriphLib/src/stm8s_gpio.c: 74: GPIOx->CR2 &= (uint8_t)(~(GPIO_Pin));
      00003D 16 0A            [ 2]  106 	ldw	y, (0x0a, sp)
      00003F 17 03            [ 2]  107 	ldw	(0x03, sp), y
      000041 1E 03            [ 2]  108 	ldw	x, (0x03, sp)
      000043 1C 00 04         [ 2]  109 	addw	x, #0x0004
      000046 1F 01            [ 2]  110 	ldw	(0x01, sp), x
      000048 1E 01            [ 2]  111 	ldw	x, (0x01, sp)
      00004A F6               [ 1]  112 	ld	a, (x)
      00004B 88               [ 1]  113 	push	a
      00004C 7B 0D            [ 1]  114 	ld	a, (0x0d, sp)
      00004E 43               [ 1]  115 	cpl	a
      00004F 6B 06            [ 1]  116 	ld	(0x06, sp), a
      000051 84               [ 1]  117 	pop	a
      000052 14 05            [ 1]  118 	and	a, (0x05, sp)
      000054 1E 01            [ 2]  119 	ldw	x, (0x01, sp)
      000056 F7               [ 1]  120 	ld	(x), a
                           000057   121 	Sstm8s_gpio$GPIO_Init$12 ==.
                                    122 ;	StdPeriphLib/src/stm8s_gpio.c: 80: if ((((uint8_t)(GPIO_Mode)) & (uint8_t)0x80) != (uint8_t)0x00) /* Output mode */
      000057 0D 0D            [ 1]  123 	tnz	(0x0d, sp)
      000059 2A 22            [ 1]  124 	jrpl	00105$
                           00005B   125 	Sstm8s_gpio$GPIO_Init$13 ==.
                                    126 ;	StdPeriphLib/src/stm8s_gpio.c: 82: if ((((uint8_t)(GPIO_Mode)) & (uint8_t)0x10) != (uint8_t)0x00) /* High level */
      00005B 7B 0D            [ 1]  127 	ld	a, (0x0d, sp)
      00005D A5 10            [ 1]  128 	bcp	a, #0x10
      00005F 27 0A            [ 1]  129 	jreq	00102$
                           000061   130 	Sstm8s_gpio$GPIO_Init$14 ==.
                                    131 ;	StdPeriphLib/src/stm8s_gpio.c: 84: GPIOx->ODR |= (uint8_t)GPIO_Pin;
      000061 1E 03            [ 2]  132 	ldw	x, (0x03, sp)
      000063 F6               [ 1]  133 	ld	a, (x)
      000064 1A 0C            [ 1]  134 	or	a, (0x0c, sp)
      000066 1E 03            [ 2]  135 	ldw	x, (0x03, sp)
      000068 F7               [ 1]  136 	ld	(x), a
      000069 20 08            [ 2]  137 	jra	00103$
      00006B                        138 00102$:
                           00006B   139 	Sstm8s_gpio$GPIO_Init$15 ==.
                                    140 ;	StdPeriphLib/src/stm8s_gpio.c: 88: GPIOx->ODR &= (uint8_t)(~(GPIO_Pin));
      00006B 1E 03            [ 2]  141 	ldw	x, (0x03, sp)
      00006D F6               [ 1]  142 	ld	a, (x)
      00006E 14 05            [ 1]  143 	and	a, (0x05, sp)
      000070 1E 03            [ 2]  144 	ldw	x, (0x03, sp)
      000072 F7               [ 1]  145 	ld	(x), a
      000073                        146 00103$:
                           000073   147 	Sstm8s_gpio$GPIO_Init$16 ==.
                                    148 ;	StdPeriphLib/src/stm8s_gpio.c: 91: GPIOx->DDR |= (uint8_t)GPIO_Pin;
      000073 1E 03            [ 2]  149 	ldw	x, (0x03, sp)
      000075 5C               [ 2]  150 	incw	x
      000076 5C               [ 2]  151 	incw	x
      000077 F6               [ 1]  152 	ld	a, (x)
      000078 1A 0C            [ 1]  153 	or	a, (0x0c, sp)
      00007A F7               [ 1]  154 	ld	(x), a
      00007B 20 08            [ 2]  155 	jra	00106$
      00007D                        156 00105$:
                           00007D   157 	Sstm8s_gpio$GPIO_Init$17 ==.
                                    158 ;	StdPeriphLib/src/stm8s_gpio.c: 96: GPIOx->DDR &= (uint8_t)(~(GPIO_Pin));
      00007D 1E 03            [ 2]  159 	ldw	x, (0x03, sp)
      00007F 5C               [ 2]  160 	incw	x
      000080 5C               [ 2]  161 	incw	x
      000081 F6               [ 1]  162 	ld	a, (x)
      000082 14 05            [ 1]  163 	and	a, (0x05, sp)
      000084 F7               [ 1]  164 	ld	(x), a
      000085                        165 00106$:
                           000085   166 	Sstm8s_gpio$GPIO_Init$18 ==.
                                    167 ;	StdPeriphLib/src/stm8s_gpio.c: 103: if ((((uint8_t)(GPIO_Mode)) & (uint8_t)0x40) != (uint8_t)0x00) /* Pull-Up or Push-Pull */
      000085 7B 0D            [ 1]  168 	ld	a, (0x0d, sp)
      000087 A5 40            [ 1]  169 	bcp	a, #0x40
      000089 27 0B            [ 1]  170 	jreq	00108$
                           00008B   171 	Sstm8s_gpio$GPIO_Init$19 ==.
                                    172 ;	StdPeriphLib/src/stm8s_gpio.c: 105: GPIOx->CR1 |= (uint8_t)GPIO_Pin;
      00008B 1E 03            [ 2]  173 	ldw	x, (0x03, sp)
      00008D 1C 00 03         [ 2]  174 	addw	x, #0x0003
      000090 F6               [ 1]  175 	ld	a, (x)
      000091 1A 0C            [ 1]  176 	or	a, (0x0c, sp)
      000093 F7               [ 1]  177 	ld	(x), a
      000094 20 09            [ 2]  178 	jra	00109$
      000096                        179 00108$:
                           000096   180 	Sstm8s_gpio$GPIO_Init$20 ==.
                                    181 ;	StdPeriphLib/src/stm8s_gpio.c: 109: GPIOx->CR1 &= (uint8_t)(~(GPIO_Pin));
      000096 1E 03            [ 2]  182 	ldw	x, (0x03, sp)
      000098 1C 00 03         [ 2]  183 	addw	x, #0x0003
      00009B F6               [ 1]  184 	ld	a, (x)
      00009C 14 05            [ 1]  185 	and	a, (0x05, sp)
      00009E F7               [ 1]  186 	ld	(x), a
      00009F                        187 00109$:
                           00009F   188 	Sstm8s_gpio$GPIO_Init$21 ==.
                                    189 ;	StdPeriphLib/src/stm8s_gpio.c: 116: if ((((uint8_t)(GPIO_Mode)) & (uint8_t)0x20) != (uint8_t)0x00) /* Interrupt or Slow slope */
      00009F 7B 0D            [ 1]  190 	ld	a, (0x0d, sp)
      0000A1 A5 20            [ 1]  191 	bcp	a, #0x20
      0000A3 27 0A            [ 1]  192 	jreq	00111$
                           0000A5   193 	Sstm8s_gpio$GPIO_Init$22 ==.
                                    194 ;	StdPeriphLib/src/stm8s_gpio.c: 118: GPIOx->CR2 |= (uint8_t)GPIO_Pin;
      0000A5 1E 01            [ 2]  195 	ldw	x, (0x01, sp)
      0000A7 F6               [ 1]  196 	ld	a, (x)
      0000A8 1A 0C            [ 1]  197 	or	a, (0x0c, sp)
      0000AA 1E 01            [ 2]  198 	ldw	x, (0x01, sp)
      0000AC F7               [ 1]  199 	ld	(x), a
      0000AD 20 08            [ 2]  200 	jra	00113$
      0000AF                        201 00111$:
                           0000AF   202 	Sstm8s_gpio$GPIO_Init$23 ==.
                                    203 ;	StdPeriphLib/src/stm8s_gpio.c: 122: GPIOx->CR2 &= (uint8_t)(~(GPIO_Pin));
      0000AF 1E 01            [ 2]  204 	ldw	x, (0x01, sp)
      0000B1 F6               [ 1]  205 	ld	a, (x)
      0000B2 14 05            [ 1]  206 	and	a, (0x05, sp)
      0000B4 1E 01            [ 2]  207 	ldw	x, (0x01, sp)
      0000B6 F7               [ 1]  208 	ld	(x), a
      0000B7                        209 00113$:
                           0000B7   210 	Sstm8s_gpio$GPIO_Init$24 ==.
                                    211 ;	StdPeriphLib/src/stm8s_gpio.c: 124: }
      0000B7 5B 05            [ 2]  212 	addw	sp, #5
                           0000B9   213 	Sstm8s_gpio$GPIO_Init$25 ==.
                           0000B9   214 	XG$GPIO_Init$0$0 ==.
      0000B9 32u00u00         [ 1]  215 	pop	_fp_
      0000BC 32u00u01         [ 1]  216 	pop	_fp_+1
      0000BF 81               [ 4]  217 	ret
                           0000C0   218 	Sstm8s_gpio$GPIO_Init$26 ==.
                           0000C0   219 	Sstm8s_gpio$GPIO_Write$27 ==.
                                    220 ;	StdPeriphLib/src/stm8s_gpio.c: 134: void GPIO_Write(GPIO_TypeDef* GPIOx, uint8_t PortVal)
                                    221 ;	-----------------------------------------
                                    222 ;	 function GPIO_Write
                                    223 ;	-----------------------------------------
      0000C0                        224 _GPIO_Write:
      0000C0 3Bu00u01         [ 1]  225 	push	_fp_+1
      0000C3 3Bu00u00         [ 1]  226 	push	_fp_
      0000C6 90 96            [ 1]  227 	ldw	y, sp
      0000C8 90 CFu00u00      [ 2]  228 	ldw	_fp_, y
                           0000CC   229 	Sstm8s_gpio$GPIO_Write$28 ==.
                           0000CC   230 	Sstm8s_gpio$GPIO_Write$29 ==.
                                    231 ;	StdPeriphLib/src/stm8s_gpio.c: 136: GPIOx->ODR = PortVal;
      0000CC 1E 05            [ 2]  232 	ldw	x, (0x05, sp)
      0000CE 7B 07            [ 1]  233 	ld	a, (0x07, sp)
      0000D0 F7               [ 1]  234 	ld	(x), a
                           0000D1   235 	Sstm8s_gpio$GPIO_Write$30 ==.
                                    236 ;	StdPeriphLib/src/stm8s_gpio.c: 137: }
                           0000D1   237 	Sstm8s_gpio$GPIO_Write$31 ==.
                           0000D1   238 	XG$GPIO_Write$0$0 ==.
      0000D1 32u00u00         [ 1]  239 	pop	_fp_
      0000D4 32u00u01         [ 1]  240 	pop	_fp_+1
      0000D7 81               [ 4]  241 	ret
                           0000D8   242 	Sstm8s_gpio$GPIO_Write$32 ==.
                           0000D8   243 	Sstm8s_gpio$GPIO_WriteHigh$33 ==.
                                    244 ;	StdPeriphLib/src/stm8s_gpio.c: 147: void GPIO_WriteHigh(GPIO_TypeDef* GPIOx, GPIO_Pin_TypeDef PortPins)
                                    245 ;	-----------------------------------------
                                    246 ;	 function GPIO_WriteHigh
                                    247 ;	-----------------------------------------
      0000D8                        248 _GPIO_WriteHigh:
      0000D8 3Bu00u01         [ 1]  249 	push	_fp_+1
      0000DB 3Bu00u00         [ 1]  250 	push	_fp_
      0000DE 90 96            [ 1]  251 	ldw	y, sp
      0000E0 90 CFu00u00      [ 2]  252 	ldw	_fp_, y
                           0000E4   253 	Sstm8s_gpio$GPIO_WriteHigh$34 ==.
                           0000E4   254 	Sstm8s_gpio$GPIO_WriteHigh$35 ==.
                                    255 ;	StdPeriphLib/src/stm8s_gpio.c: 149: GPIOx->ODR |= (uint8_t)PortPins;
      0000E4 1E 05            [ 2]  256 	ldw	x, (0x05, sp)
      0000E6 F6               [ 1]  257 	ld	a, (x)
      0000E7 1A 07            [ 1]  258 	or	a, (0x07, sp)
      0000E9 F7               [ 1]  259 	ld	(x), a
                           0000EA   260 	Sstm8s_gpio$GPIO_WriteHigh$36 ==.
                                    261 ;	StdPeriphLib/src/stm8s_gpio.c: 150: }
                           0000EA   262 	Sstm8s_gpio$GPIO_WriteHigh$37 ==.
                           0000EA   263 	XG$GPIO_WriteHigh$0$0 ==.
      0000EA 32u00u00         [ 1]  264 	pop	_fp_
      0000ED 32u00u01         [ 1]  265 	pop	_fp_+1
      0000F0 81               [ 4]  266 	ret
                           0000F1   267 	Sstm8s_gpio$GPIO_WriteHigh$38 ==.
                           0000F1   268 	Sstm8s_gpio$GPIO_WriteLow$39 ==.
                                    269 ;	StdPeriphLib/src/stm8s_gpio.c: 160: void GPIO_WriteLow(GPIO_TypeDef* GPIOx, GPIO_Pin_TypeDef PortPins)
                                    270 ;	-----------------------------------------
                                    271 ;	 function GPIO_WriteLow
                                    272 ;	-----------------------------------------
      0000F1                        273 _GPIO_WriteLow:
      0000F1 3Bu00u01         [ 1]  274 	push	_fp_+1
      0000F4 3Bu00u00         [ 1]  275 	push	_fp_
      0000F7 90 96            [ 1]  276 	ldw	y, sp
      0000F9 90 CFu00u00      [ 2]  277 	ldw	_fp_, y
                           0000FD   278 	Sstm8s_gpio$GPIO_WriteLow$40 ==.
      0000FD 88               [ 1]  279 	push	a
                           0000FE   280 	Sstm8s_gpio$GPIO_WriteLow$41 ==.
                                    281 ;	StdPeriphLib/src/stm8s_gpio.c: 162: GPIOx->ODR &= (uint8_t)(~PortPins);
      0000FE 1E 06            [ 2]  282 	ldw	x, (0x06, sp)
      000100 F6               [ 1]  283 	ld	a, (x)
      000101 6B 01            [ 1]  284 	ld	(0x01, sp), a
      000103 7B 08            [ 1]  285 	ld	a, (0x08, sp)
      000105 43               [ 1]  286 	cpl	a
      000106 14 01            [ 1]  287 	and	a, (0x01, sp)
      000108 F7               [ 1]  288 	ld	(x), a
                           000109   289 	Sstm8s_gpio$GPIO_WriteLow$42 ==.
                                    290 ;	StdPeriphLib/src/stm8s_gpio.c: 163: }
      000109 84               [ 1]  291 	pop	a
                           00010A   292 	Sstm8s_gpio$GPIO_WriteLow$43 ==.
                           00010A   293 	XG$GPIO_WriteLow$0$0 ==.
      00010A 32u00u00         [ 1]  294 	pop	_fp_
      00010D 32u00u01         [ 1]  295 	pop	_fp_+1
      000110 81               [ 4]  296 	ret
                           000111   297 	Sstm8s_gpio$GPIO_WriteLow$44 ==.
                           000111   298 	Sstm8s_gpio$GPIO_WriteReverse$45 ==.
                                    299 ;	StdPeriphLib/src/stm8s_gpio.c: 173: void GPIO_WriteReverse(GPIO_TypeDef* GPIOx, GPIO_Pin_TypeDef PortPins)
                                    300 ;	-----------------------------------------
                                    301 ;	 function GPIO_WriteReverse
                                    302 ;	-----------------------------------------
      000111                        303 _GPIO_WriteReverse:
      000111 3Bu00u01         [ 1]  304 	push	_fp_+1
      000114 3Bu00u00         [ 1]  305 	push	_fp_
      000117 90 96            [ 1]  306 	ldw	y, sp
      000119 90 CFu00u00      [ 2]  307 	ldw	_fp_, y
                           00011D   308 	Sstm8s_gpio$GPIO_WriteReverse$46 ==.
                           00011D   309 	Sstm8s_gpio$GPIO_WriteReverse$47 ==.
                                    310 ;	StdPeriphLib/src/stm8s_gpio.c: 175: GPIOx->ODR ^= (uint8_t)PortPins;
      00011D 1E 05            [ 2]  311 	ldw	x, (0x05, sp)
      00011F F6               [ 1]  312 	ld	a, (x)
      000120 18 07            [ 1]  313 	xor	a, (0x07, sp)
      000122 F7               [ 1]  314 	ld	(x), a
                           000123   315 	Sstm8s_gpio$GPIO_WriteReverse$48 ==.
                                    316 ;	StdPeriphLib/src/stm8s_gpio.c: 176: }
                           000123   317 	Sstm8s_gpio$GPIO_WriteReverse$49 ==.
                           000123   318 	XG$GPIO_WriteReverse$0$0 ==.
      000123 32u00u00         [ 1]  319 	pop	_fp_
      000126 32u00u01         [ 1]  320 	pop	_fp_+1
      000129 81               [ 4]  321 	ret
                           00012A   322 	Sstm8s_gpio$GPIO_WriteReverse$50 ==.
                           00012A   323 	Sstm8s_gpio$GPIO_ReadOutputData$51 ==.
                                    324 ;	StdPeriphLib/src/stm8s_gpio.c: 184: uint8_t GPIO_ReadOutputData(GPIO_TypeDef* GPIOx)
                                    325 ;	-----------------------------------------
                                    326 ;	 function GPIO_ReadOutputData
                                    327 ;	-----------------------------------------
      00012A                        328 _GPIO_ReadOutputData:
      00012A 3Bu00u01         [ 1]  329 	push	_fp_+1
      00012D 3Bu00u00         [ 1]  330 	push	_fp_
      000130 90 96            [ 1]  331 	ldw	y, sp
      000132 90 CFu00u00      [ 2]  332 	ldw	_fp_, y
                           000136   333 	Sstm8s_gpio$GPIO_ReadOutputData$52 ==.
                           000136   334 	Sstm8s_gpio$GPIO_ReadOutputData$53 ==.
                                    335 ;	StdPeriphLib/src/stm8s_gpio.c: 186: return ((uint8_t)GPIOx->ODR);
      000136 1E 05            [ 2]  336 	ldw	x, (0x05, sp)
      000138 F6               [ 1]  337 	ld	a, (x)
                           000139   338 	Sstm8s_gpio$GPIO_ReadOutputData$54 ==.
                                    339 ;	StdPeriphLib/src/stm8s_gpio.c: 187: }
                           000139   340 	Sstm8s_gpio$GPIO_ReadOutputData$55 ==.
                           000139   341 	XG$GPIO_ReadOutputData$0$0 ==.
      000139 32u00u00         [ 1]  342 	pop	_fp_
      00013C 32u00u01         [ 1]  343 	pop	_fp_+1
      00013F 81               [ 4]  344 	ret
                           000140   345 	Sstm8s_gpio$GPIO_ReadOutputData$56 ==.
                           000140   346 	Sstm8s_gpio$GPIO_ReadInputData$57 ==.
                                    347 ;	StdPeriphLib/src/stm8s_gpio.c: 195: uint8_t GPIO_ReadInputData(GPIO_TypeDef* GPIOx)
                                    348 ;	-----------------------------------------
                                    349 ;	 function GPIO_ReadInputData
                                    350 ;	-----------------------------------------
      000140                        351 _GPIO_ReadInputData:
      000140 3Bu00u01         [ 1]  352 	push	_fp_+1
      000143 3Bu00u00         [ 1]  353 	push	_fp_
      000146 90 96            [ 1]  354 	ldw	y, sp
      000148 90 CFu00u00      [ 2]  355 	ldw	_fp_, y
                           00014C   356 	Sstm8s_gpio$GPIO_ReadInputData$58 ==.
                           00014C   357 	Sstm8s_gpio$GPIO_ReadInputData$59 ==.
                                    358 ;	StdPeriphLib/src/stm8s_gpio.c: 197: return ((uint8_t)GPIOx->IDR);
      00014C 1E 05            [ 2]  359 	ldw	x, (0x05, sp)
      00014E E6 01            [ 1]  360 	ld	a, (0x1, x)
                           000150   361 	Sstm8s_gpio$GPIO_ReadInputData$60 ==.
                                    362 ;	StdPeriphLib/src/stm8s_gpio.c: 198: }
                           000150   363 	Sstm8s_gpio$GPIO_ReadInputData$61 ==.
                           000150   364 	XG$GPIO_ReadInputData$0$0 ==.
      000150 32u00u00         [ 1]  365 	pop	_fp_
      000153 32u00u01         [ 1]  366 	pop	_fp_+1
      000156 81               [ 4]  367 	ret
                           000157   368 	Sstm8s_gpio$GPIO_ReadInputData$62 ==.
                           000157   369 	Sstm8s_gpio$GPIO_ReadInputPin$63 ==.
                                    370 ;	StdPeriphLib/src/stm8s_gpio.c: 206: BitStatus GPIO_ReadInputPin(GPIO_TypeDef* GPIOx, GPIO_Pin_TypeDef GPIO_Pin)
                                    371 ;	-----------------------------------------
                                    372 ;	 function GPIO_ReadInputPin
                                    373 ;	-----------------------------------------
      000157                        374 _GPIO_ReadInputPin:
      000157 3Bu00u01         [ 1]  375 	push	_fp_+1
      00015A 3Bu00u00         [ 1]  376 	push	_fp_
      00015D 90 96            [ 1]  377 	ldw	y, sp
      00015F 90 CFu00u00      [ 2]  378 	ldw	_fp_, y
                           000163   379 	Sstm8s_gpio$GPIO_ReadInputPin$64 ==.
                           000163   380 	Sstm8s_gpio$GPIO_ReadInputPin$65 ==.
                                    381 ;	StdPeriphLib/src/stm8s_gpio.c: 208: return ((BitStatus)(GPIOx->IDR & (uint8_t)GPIO_Pin));
      000163 1E 05            [ 2]  382 	ldw	x, (0x05, sp)
      000165 E6 01            [ 1]  383 	ld	a, (0x1, x)
      000167 14 07            [ 1]  384 	and	a, (0x07, sp)
                           000169   385 	Sstm8s_gpio$GPIO_ReadInputPin$66 ==.
                                    386 ;	StdPeriphLib/src/stm8s_gpio.c: 209: }
                           000169   387 	Sstm8s_gpio$GPIO_ReadInputPin$67 ==.
                           000169   388 	XG$GPIO_ReadInputPin$0$0 ==.
      000169 32u00u00         [ 1]  389 	pop	_fp_
      00016C 32u00u01         [ 1]  390 	pop	_fp_+1
      00016F 81               [ 4]  391 	ret
                           000170   392 	Sstm8s_gpio$GPIO_ReadInputPin$68 ==.
                           000170   393 	Sstm8s_gpio$GPIO_ExternalPullUpConfig$69 ==.
                                    394 ;	StdPeriphLib/src/stm8s_gpio.c: 218: void GPIO_ExternalPullUpConfig(GPIO_TypeDef* GPIOx, GPIO_Pin_TypeDef GPIO_Pin, FunctionalState NewState)
                                    395 ;	-----------------------------------------
                                    396 ;	 function GPIO_ExternalPullUpConfig
                                    397 ;	-----------------------------------------
      000170                        398 _GPIO_ExternalPullUpConfig:
      000170 3Bu00u01         [ 1]  399 	push	_fp_+1
      000173 3Bu00u00         [ 1]  400 	push	_fp_
      000176 90 96            [ 1]  401 	ldw	y, sp
      000178 90 CFu00u00      [ 2]  402 	ldw	_fp_, y
                           00017C   403 	Sstm8s_gpio$GPIO_ExternalPullUpConfig$70 ==.
      00017C 88               [ 1]  404 	push	a
                           00017D   405 	Sstm8s_gpio$GPIO_ExternalPullUpConfig$71 ==.
                                    406 ;	StdPeriphLib/src/stm8s_gpio.c: 224: if (NewState != DISABLE) /* External Pull-Up Set*/
      00017D 0D 09            [ 1]  407 	tnz	(0x09, sp)
      00017F 27 0B            [ 1]  408 	jreq	00102$
                           000181   409 	Sstm8s_gpio$GPIO_ExternalPullUpConfig$72 ==.
                                    410 ;	StdPeriphLib/src/stm8s_gpio.c: 226: GPIOx->CR1 |= (uint8_t)GPIO_Pin;
      000181 1E 06            [ 2]  411 	ldw	x, (0x06, sp)
      000183 1C 00 03         [ 2]  412 	addw	x, #0x0003
      000186 F6               [ 1]  413 	ld	a, (x)
      000187 1A 08            [ 1]  414 	or	a, (0x08, sp)
      000189 F7               [ 1]  415 	ld	(x), a
      00018A 20 0E            [ 2]  416 	jra	00104$
      00018C                        417 00102$:
                           00018C   418 	Sstm8s_gpio$GPIO_ExternalPullUpConfig$73 ==.
                                    419 ;	StdPeriphLib/src/stm8s_gpio.c: 229: GPIOx->CR1 &= (uint8_t)(~(GPIO_Pin));
      00018C 1E 06            [ 2]  420 	ldw	x, (0x06, sp)
      00018E 1C 00 03         [ 2]  421 	addw	x, #0x0003
      000191 F6               [ 1]  422 	ld	a, (x)
      000192 6B 01            [ 1]  423 	ld	(0x01, sp), a
      000194 7B 08            [ 1]  424 	ld	a, (0x08, sp)
      000196 43               [ 1]  425 	cpl	a
      000197 14 01            [ 1]  426 	and	a, (0x01, sp)
      000199 F7               [ 1]  427 	ld	(x), a
      00019A                        428 00104$:
                           00019A   429 	Sstm8s_gpio$GPIO_ExternalPullUpConfig$74 ==.
                                    430 ;	StdPeriphLib/src/stm8s_gpio.c: 231: }
      00019A 84               [ 1]  431 	pop	a
                           00019B   432 	Sstm8s_gpio$GPIO_ExternalPullUpConfig$75 ==.
                           00019B   433 	XG$GPIO_ExternalPullUpConfig$0$0 ==.
      00019B 32u00u00         [ 1]  434 	pop	_fp_
      00019E 32u00u01         [ 1]  435 	pop	_fp_+1
      0001A1 81               [ 4]  436 	ret
                           0001A2   437 	Sstm8s_gpio$GPIO_ExternalPullUpConfig$76 ==.
                                    438 	.area CODE
                                    439 	.area INITIALIZER
                                    440 	.area CABS (ABS)
                                    441 
                                    442 	.area .debug_line (NOLOAD)
      000000 00 00 02 A6            443 	.dw	0,Ldebug_line_end-Ldebug_line_start
      000004                        444 Ldebug_line_start:
      000004 00 02                  445 	.dw	2
      000006 00 00 01 19            446 	.dw	0,Ldebug_line_stmt-6-Ldebug_line_start
      00000A 01                     447 	.db	1
      00000B 01                     448 	.db	1
      00000C FB                     449 	.db	-5
      00000D 0F                     450 	.db	15
      00000E 0A                     451 	.db	10
      00000F 00                     452 	.db	0
      000010 01                     453 	.db	1
      000011 01                     454 	.db	1
      000012 01                     455 	.db	1
      000013 01                     456 	.db	1
      000014 00                     457 	.db	0
      000015 00                     458 	.db	0
      000016 00                     459 	.db	0
      000017 01                     460 	.db	1
      000018 2F 68 6F 6D 65 2F 63   461 	.ascii "/home/cas/software/stm8-binutils/bin/../share/sdcc/include/stm8"
             61 73 2F 73 6F 66 74
             77 61 72 65 2F 73 74
             6D 38 2D 62 69 6E 75
             74 69 6C 73 2F 62 69
             6E 2F 2E 2E 2F 73 68
             61 72 65 2F 73 64 63
             63 2F 69 6E 63 6C 75
             64 65 2F 73 74 6D 38
      000057 00                     462 	.db	0
      000058 2F 68 6F 6D 65 2F 63   463 	.ascii "/home/cas/software/stm8-binutils/share/sdcc/include/stm8"
             61 73 2F 73 6F 66 74
             77 61 72 65 2F 73 74
             6D 38 2D 62 69 6E 75
             74 69 6C 73 2F 73 68
             61 72 65 2F 73 64 63
             63 2F 69 6E 63 6C 75
             64 65 2F 73 74 6D 38
      000090 00                     464 	.db	0
      000091 2F 68 6F 6D 65 2F 63   465 	.ascii "/home/cas/software/stm8-binutils/bin/../share/sdcc/include"
             61 73 2F 73 6F 66 74
             77 61 72 65 2F 73 74
             6D 38 2D 62 69 6E 75
             74 69 6C 73 2F 62 69
             6E 2F 2E 2E 2F 73 68
             61 72 65 2F 73 64 63
             63 2F 69 6E 63 6C 75
             64 65
      0000CB 00                     466 	.db	0
      0000CC 2F 68 6F 6D 65 2F 63   467 	.ascii "/home/cas/software/stm8-binutils/share/sdcc/include"
             61 73 2F 73 6F 66 74
             77 61 72 65 2F 73 74
             6D 38 2D 62 69 6E 75
             74 69 6C 73 2F 73 68
             61 72 65 2F 73 64 63
             63 2F 69 6E 63 6C 75
             64 65
      0000FF 00                     468 	.db	0
      000100 00                     469 	.db	0
      000101 53 74 64 50 65 72 69   470 	.ascii "StdPeriphLib/src/stm8s_gpio.c"
             70 68 4C 69 62 2F 73
             72 63 2F 73 74 6D 38
             73 5F 67 70 69 6F 2E
             63
      00011E 00                     471 	.db	0
      00011F 00                     472 	.uleb128	0
      000120 00                     473 	.uleb128	0
      000121 00                     474 	.uleb128	0
      000122 00                     475 	.db	0
      000123                        476 Ldebug_line_stmt:
      000123 00                     477 	.db	0
      000124 05                     478 	.uleb128	5
      000125 02                     479 	.db	2
      000126 00 00r00r00            480 	.dw	0,(Sstm8s_gpio$GPIO_DeInit$0)
      00012A 03                     481 	.db	3
      00012B 34                     482 	.sleb128	52
      00012C 01                     483 	.db	1
      00012D 09                     484 	.db	9
      00012E 00 0E                  485 	.dw	Sstm8s_gpio$GPIO_DeInit$2-Sstm8s_gpio$GPIO_DeInit$0
      000130 03                     486 	.db	3
      000131 02                     487 	.sleb128	2
      000132 01                     488 	.db	1
      000133 09                     489 	.db	9
      000134 00 07                  490 	.dw	Sstm8s_gpio$GPIO_DeInit$3-Sstm8s_gpio$GPIO_DeInit$2
      000136 03                     491 	.db	3
      000137 01                     492 	.sleb128	1
      000138 01                     493 	.db	1
      000139 09                     494 	.db	9
      00013A 00 05                  495 	.dw	Sstm8s_gpio$GPIO_DeInit$4-Sstm8s_gpio$GPIO_DeInit$3
      00013C 03                     496 	.db	3
      00013D 01                     497 	.sleb128	1
      00013E 01                     498 	.db	1
      00013F 09                     499 	.db	9
      000140 00 06                  500 	.dw	Sstm8s_gpio$GPIO_DeInit$5-Sstm8s_gpio$GPIO_DeInit$4
      000142 03                     501 	.db	3
      000143 01                     502 	.sleb128	1
      000144 01                     503 	.db	1
      000145 09                     504 	.db	9
      000146 00 06                  505 	.dw	Sstm8s_gpio$GPIO_DeInit$6-Sstm8s_gpio$GPIO_DeInit$5
      000148 03                     506 	.db	3
      000149 01                     507 	.sleb128	1
      00014A 01                     508 	.db	1
      00014B 09                     509 	.db	9
      00014C 00 09                  510 	.dw	7+Sstm8s_gpio$GPIO_DeInit$7-Sstm8s_gpio$GPIO_DeInit$6
      00014E 00                     511 	.db	0
      00014F 01                     512 	.uleb128	1
      000150 01                     513 	.db	1
      000151 00                     514 	.db	0
      000152 05                     515 	.uleb128	5
      000153 02                     516 	.db	2
      000154 00 00r00r2F            517 	.dw	0,(Sstm8s_gpio$GPIO_Init$9)
      000158 03                     518 	.db	3
      000159 C6 00                  519 	.sleb128	70
      00015B 01                     520 	.db	1
      00015C 09                     521 	.db	9
      00015D 00 0E                  522 	.dw	Sstm8s_gpio$GPIO_Init$11-Sstm8s_gpio$GPIO_Init$9
      00015F 03                     523 	.db	3
      000160 03                     524 	.sleb128	3
      000161 01                     525 	.db	1
      000162 09                     526 	.db	9
      000163 00 1A                  527 	.dw	Sstm8s_gpio$GPIO_Init$12-Sstm8s_gpio$GPIO_Init$11
      000165 03                     528 	.db	3
      000166 06                     529 	.sleb128	6
      000167 01                     530 	.db	1
      000168 09                     531 	.db	9
      000169 00 04                  532 	.dw	Sstm8s_gpio$GPIO_Init$13-Sstm8s_gpio$GPIO_Init$12
      00016B 03                     533 	.db	3
      00016C 02                     534 	.sleb128	2
      00016D 01                     535 	.db	1
      00016E 09                     536 	.db	9
      00016F 00 06                  537 	.dw	Sstm8s_gpio$GPIO_Init$14-Sstm8s_gpio$GPIO_Init$13
      000171 03                     538 	.db	3
      000172 02                     539 	.sleb128	2
      000173 01                     540 	.db	1
      000174 09                     541 	.db	9
      000175 00 0A                  542 	.dw	Sstm8s_gpio$GPIO_Init$15-Sstm8s_gpio$GPIO_Init$14
      000177 03                     543 	.db	3
      000178 04                     544 	.sleb128	4
      000179 01                     545 	.db	1
      00017A 09                     546 	.db	9
      00017B 00 08                  547 	.dw	Sstm8s_gpio$GPIO_Init$16-Sstm8s_gpio$GPIO_Init$15
      00017D 03                     548 	.db	3
      00017E 03                     549 	.sleb128	3
      00017F 01                     550 	.db	1
      000180 09                     551 	.db	9
      000181 00 0A                  552 	.dw	Sstm8s_gpio$GPIO_Init$17-Sstm8s_gpio$GPIO_Init$16
      000183 03                     553 	.db	3
      000184 05                     554 	.sleb128	5
      000185 01                     555 	.db	1
      000186 09                     556 	.db	9
      000187 00 08                  557 	.dw	Sstm8s_gpio$GPIO_Init$18-Sstm8s_gpio$GPIO_Init$17
      000189 03                     558 	.db	3
      00018A 07                     559 	.sleb128	7
      00018B 01                     560 	.db	1
      00018C 09                     561 	.db	9
      00018D 00 06                  562 	.dw	Sstm8s_gpio$GPIO_Init$19-Sstm8s_gpio$GPIO_Init$18
      00018F 03                     563 	.db	3
      000190 02                     564 	.sleb128	2
      000191 01                     565 	.db	1
      000192 09                     566 	.db	9
      000193 00 0B                  567 	.dw	Sstm8s_gpio$GPIO_Init$20-Sstm8s_gpio$GPIO_Init$19
      000195 03                     568 	.db	3
      000196 04                     569 	.sleb128	4
      000197 01                     570 	.db	1
      000198 09                     571 	.db	9
      000199 00 09                  572 	.dw	Sstm8s_gpio$GPIO_Init$21-Sstm8s_gpio$GPIO_Init$20
      00019B 03                     573 	.db	3
      00019C 07                     574 	.sleb128	7
      00019D 01                     575 	.db	1
      00019E 09                     576 	.db	9
      00019F 00 06                  577 	.dw	Sstm8s_gpio$GPIO_Init$22-Sstm8s_gpio$GPIO_Init$21
      0001A1 03                     578 	.db	3
      0001A2 02                     579 	.sleb128	2
      0001A3 01                     580 	.db	1
      0001A4 09                     581 	.db	9
      0001A5 00 0A                  582 	.dw	Sstm8s_gpio$GPIO_Init$23-Sstm8s_gpio$GPIO_Init$22
      0001A7 03                     583 	.db	3
      0001A8 04                     584 	.sleb128	4
      0001A9 01                     585 	.db	1
      0001AA 09                     586 	.db	9
      0001AB 00 08                  587 	.dw	Sstm8s_gpio$GPIO_Init$24-Sstm8s_gpio$GPIO_Init$23
      0001AD 03                     588 	.db	3
      0001AE 02                     589 	.sleb128	2
      0001AF 01                     590 	.db	1
      0001B0 09                     591 	.db	9
      0001B1 00 09                  592 	.dw	7+Sstm8s_gpio$GPIO_Init$25-Sstm8s_gpio$GPIO_Init$24
      0001B3 00                     593 	.db	0
      0001B4 01                     594 	.uleb128	1
      0001B5 01                     595 	.db	1
      0001B6 00                     596 	.db	0
      0001B7 05                     597 	.uleb128	5
      0001B8 02                     598 	.db	2
      0001B9 00 00r00rC0            599 	.dw	0,(Sstm8s_gpio$GPIO_Write$27)
      0001BD 03                     600 	.db	3
      0001BE 85 01                  601 	.sleb128	133
      0001C0 01                     602 	.db	1
      0001C1 09                     603 	.db	9
      0001C2 00 0C                  604 	.dw	Sstm8s_gpio$GPIO_Write$29-Sstm8s_gpio$GPIO_Write$27
      0001C4 03                     605 	.db	3
      0001C5 02                     606 	.sleb128	2
      0001C6 01                     607 	.db	1
      0001C7 09                     608 	.db	9
      0001C8 00 05                  609 	.dw	Sstm8s_gpio$GPIO_Write$30-Sstm8s_gpio$GPIO_Write$29
      0001CA 03                     610 	.db	3
      0001CB 01                     611 	.sleb128	1
      0001CC 01                     612 	.db	1
      0001CD 09                     613 	.db	9
      0001CE 00 07                  614 	.dw	7+Sstm8s_gpio$GPIO_Write$31-Sstm8s_gpio$GPIO_Write$30
      0001D0 00                     615 	.db	0
      0001D1 01                     616 	.uleb128	1
      0001D2 01                     617 	.db	1
      0001D3 00                     618 	.db	0
      0001D4 05                     619 	.uleb128	5
      0001D5 02                     620 	.db	2
      0001D6 00 00r00rD8            621 	.dw	0,(Sstm8s_gpio$GPIO_WriteHigh$33)
      0001DA 03                     622 	.db	3
      0001DB 92 01                  623 	.sleb128	146
      0001DD 01                     624 	.db	1
      0001DE 09                     625 	.db	9
      0001DF 00 0C                  626 	.dw	Sstm8s_gpio$GPIO_WriteHigh$35-Sstm8s_gpio$GPIO_WriteHigh$33
      0001E1 03                     627 	.db	3
      0001E2 02                     628 	.sleb128	2
      0001E3 01                     629 	.db	1
      0001E4 09                     630 	.db	9
      0001E5 00 06                  631 	.dw	Sstm8s_gpio$GPIO_WriteHigh$36-Sstm8s_gpio$GPIO_WriteHigh$35
      0001E7 03                     632 	.db	3
      0001E8 01                     633 	.sleb128	1
      0001E9 01                     634 	.db	1
      0001EA 09                     635 	.db	9
      0001EB 00 07                  636 	.dw	7+Sstm8s_gpio$GPIO_WriteHigh$37-Sstm8s_gpio$GPIO_WriteHigh$36
      0001ED 00                     637 	.db	0
      0001EE 01                     638 	.uleb128	1
      0001EF 01                     639 	.db	1
      0001F0 00                     640 	.db	0
      0001F1 05                     641 	.uleb128	5
      0001F2 02                     642 	.db	2
      0001F3 00 00r00rF1            643 	.dw	0,(Sstm8s_gpio$GPIO_WriteLow$39)
      0001F7 03                     644 	.db	3
      0001F8 9F 01                  645 	.sleb128	159
      0001FA 01                     646 	.db	1
      0001FB 09                     647 	.db	9
      0001FC 00 0D                  648 	.dw	Sstm8s_gpio$GPIO_WriteLow$41-Sstm8s_gpio$GPIO_WriteLow$39
      0001FE 03                     649 	.db	3
      0001FF 02                     650 	.sleb128	2
      000200 01                     651 	.db	1
      000201 09                     652 	.db	9
      000202 00 0B                  653 	.dw	Sstm8s_gpio$GPIO_WriteLow$42-Sstm8s_gpio$GPIO_WriteLow$41
      000204 03                     654 	.db	3
      000205 01                     655 	.sleb128	1
      000206 01                     656 	.db	1
      000207 09                     657 	.db	9
      000208 00 08                  658 	.dw	7+Sstm8s_gpio$GPIO_WriteLow$43-Sstm8s_gpio$GPIO_WriteLow$42
      00020A 00                     659 	.db	0
      00020B 01                     660 	.uleb128	1
      00020C 01                     661 	.db	1
      00020D 00                     662 	.db	0
      00020E 05                     663 	.uleb128	5
      00020F 02                     664 	.db	2
      000210 00 00r01r11            665 	.dw	0,(Sstm8s_gpio$GPIO_WriteReverse$45)
      000214 03                     666 	.db	3
      000215 AC 01                  667 	.sleb128	172
      000217 01                     668 	.db	1
      000218 09                     669 	.db	9
      000219 00 0C                  670 	.dw	Sstm8s_gpio$GPIO_WriteReverse$47-Sstm8s_gpio$GPIO_WriteReverse$45
      00021B 03                     671 	.db	3
      00021C 02                     672 	.sleb128	2
      00021D 01                     673 	.db	1
      00021E 09                     674 	.db	9
      00021F 00 06                  675 	.dw	Sstm8s_gpio$GPIO_WriteReverse$48-Sstm8s_gpio$GPIO_WriteReverse$47
      000221 03                     676 	.db	3
      000222 01                     677 	.sleb128	1
      000223 01                     678 	.db	1
      000224 09                     679 	.db	9
      000225 00 07                  680 	.dw	7+Sstm8s_gpio$GPIO_WriteReverse$49-Sstm8s_gpio$GPIO_WriteReverse$48
      000227 00                     681 	.db	0
      000228 01                     682 	.uleb128	1
      000229 01                     683 	.db	1
      00022A 00                     684 	.db	0
      00022B 05                     685 	.uleb128	5
      00022C 02                     686 	.db	2
      00022D 00 00r01r2A            687 	.dw	0,(Sstm8s_gpio$GPIO_ReadOutputData$51)
      000231 03                     688 	.db	3
      000232 B7 01                  689 	.sleb128	183
      000234 01                     690 	.db	1
      000235 09                     691 	.db	9
      000236 00 0C                  692 	.dw	Sstm8s_gpio$GPIO_ReadOutputData$53-Sstm8s_gpio$GPIO_ReadOutputData$51
      000238 03                     693 	.db	3
      000239 02                     694 	.sleb128	2
      00023A 01                     695 	.db	1
      00023B 09                     696 	.db	9
      00023C 00 03                  697 	.dw	Sstm8s_gpio$GPIO_ReadOutputData$54-Sstm8s_gpio$GPIO_ReadOutputData$53
      00023E 03                     698 	.db	3
      00023F 01                     699 	.sleb128	1
      000240 01                     700 	.db	1
      000241 09                     701 	.db	9
      000242 00 07                  702 	.dw	7+Sstm8s_gpio$GPIO_ReadOutputData$55-Sstm8s_gpio$GPIO_ReadOutputData$54
      000244 00                     703 	.db	0
      000245 01                     704 	.uleb128	1
      000246 01                     705 	.db	1
      000247 00                     706 	.db	0
      000248 05                     707 	.uleb128	5
      000249 02                     708 	.db	2
      00024A 00 00r01r40            709 	.dw	0,(Sstm8s_gpio$GPIO_ReadInputData$57)
      00024E 03                     710 	.db	3
      00024F C2 01                  711 	.sleb128	194
      000251 01                     712 	.db	1
      000252 09                     713 	.db	9
      000253 00 0C                  714 	.dw	Sstm8s_gpio$GPIO_ReadInputData$59-Sstm8s_gpio$GPIO_ReadInputData$57
      000255 03                     715 	.db	3
      000256 02                     716 	.sleb128	2
      000257 01                     717 	.db	1
      000258 09                     718 	.db	9
      000259 00 04                  719 	.dw	Sstm8s_gpio$GPIO_ReadInputData$60-Sstm8s_gpio$GPIO_ReadInputData$59
      00025B 03                     720 	.db	3
      00025C 01                     721 	.sleb128	1
      00025D 01                     722 	.db	1
      00025E 09                     723 	.db	9
      00025F 00 07                  724 	.dw	7+Sstm8s_gpio$GPIO_ReadInputData$61-Sstm8s_gpio$GPIO_ReadInputData$60
      000261 00                     725 	.db	0
      000262 01                     726 	.uleb128	1
      000263 01                     727 	.db	1
      000264 00                     728 	.db	0
      000265 05                     729 	.uleb128	5
      000266 02                     730 	.db	2
      000267 00 00r01r57            731 	.dw	0,(Sstm8s_gpio$GPIO_ReadInputPin$63)
      00026B 03                     732 	.db	3
      00026C CD 01                  733 	.sleb128	205
      00026E 01                     734 	.db	1
      00026F 09                     735 	.db	9
      000270 00 0C                  736 	.dw	Sstm8s_gpio$GPIO_ReadInputPin$65-Sstm8s_gpio$GPIO_ReadInputPin$63
      000272 03                     737 	.db	3
      000273 02                     738 	.sleb128	2
      000274 01                     739 	.db	1
      000275 09                     740 	.db	9
      000276 00 06                  741 	.dw	Sstm8s_gpio$GPIO_ReadInputPin$66-Sstm8s_gpio$GPIO_ReadInputPin$65
      000278 03                     742 	.db	3
      000279 01                     743 	.sleb128	1
      00027A 01                     744 	.db	1
      00027B 09                     745 	.db	9
      00027C 00 07                  746 	.dw	7+Sstm8s_gpio$GPIO_ReadInputPin$67-Sstm8s_gpio$GPIO_ReadInputPin$66
      00027E 00                     747 	.db	0
      00027F 01                     748 	.uleb128	1
      000280 01                     749 	.db	1
      000281 00                     750 	.db	0
      000282 05                     751 	.uleb128	5
      000283 02                     752 	.db	2
      000284 00 00r01r70            753 	.dw	0,(Sstm8s_gpio$GPIO_ExternalPullUpConfig$69)
      000288 03                     754 	.db	3
      000289 D9 01                  755 	.sleb128	217
      00028B 01                     756 	.db	1
      00028C 09                     757 	.db	9
      00028D 00 0D                  758 	.dw	Sstm8s_gpio$GPIO_ExternalPullUpConfig$71-Sstm8s_gpio$GPIO_ExternalPullUpConfig$69
      00028F 03                     759 	.db	3
      000290 06                     760 	.sleb128	6
      000291 01                     761 	.db	1
      000292 09                     762 	.db	9
      000293 00 04                  763 	.dw	Sstm8s_gpio$GPIO_ExternalPullUpConfig$72-Sstm8s_gpio$GPIO_ExternalPullUpConfig$71
      000295 03                     764 	.db	3
      000296 02                     765 	.sleb128	2
      000297 01                     766 	.db	1
      000298 09                     767 	.db	9
      000299 00 0B                  768 	.dw	Sstm8s_gpio$GPIO_ExternalPullUpConfig$73-Sstm8s_gpio$GPIO_ExternalPullUpConfig$72
      00029B 03                     769 	.db	3
      00029C 03                     770 	.sleb128	3
      00029D 01                     771 	.db	1
      00029E 09                     772 	.db	9
      00029F 00 0E                  773 	.dw	Sstm8s_gpio$GPIO_ExternalPullUpConfig$74-Sstm8s_gpio$GPIO_ExternalPullUpConfig$73
      0002A1 03                     774 	.db	3
      0002A2 02                     775 	.sleb128	2
      0002A3 01                     776 	.db	1
      0002A4 09                     777 	.db	9
      0002A5 00 08                  778 	.dw	7+Sstm8s_gpio$GPIO_ExternalPullUpConfig$75-Sstm8s_gpio$GPIO_ExternalPullUpConfig$74
      0002A7 00                     779 	.db	0
      0002A8 01                     780 	.uleb128	1
      0002A9 01                     781 	.db	1
      0002AA                        782 Ldebug_line_end:
                                    783 
                                    784 	.area .debug_loc (NOLOAD)
      000000                        785 Ldebug_loc_start:
      000000 00 00r01r7C            786 	.dw	0,(Sstm8s_gpio$GPIO_ExternalPullUpConfig$70)
      000004 00 00r01rA2            787 	.dw	0,(Sstm8s_gpio$GPIO_ExternalPullUpConfig$76)
      000008 00 02                  788 	.dw	2
      00000A 8F                     789 	.db	143
      00000B 01                     790 	.sleb128	1
      00000C 00 00 00 00            791 	.dw	0,0
      000010 00 00 00 00            792 	.dw	0,0
      000014 00 00r01r63            793 	.dw	0,(Sstm8s_gpio$GPIO_ReadInputPin$64)
      000018 00 00r01r70            794 	.dw	0,(Sstm8s_gpio$GPIO_ReadInputPin$68)
      00001C 00 02                  795 	.dw	2
      00001E 8F                     796 	.db	143
      00001F 01                     797 	.sleb128	1
      000020 00 00 00 00            798 	.dw	0,0
      000024 00 00 00 00            799 	.dw	0,0
      000028 00 00r01r4C            800 	.dw	0,(Sstm8s_gpio$GPIO_ReadInputData$58)
      00002C 00 00r01r57            801 	.dw	0,(Sstm8s_gpio$GPIO_ReadInputData$62)
      000030 00 02                  802 	.dw	2
      000032 8F                     803 	.db	143
      000033 01                     804 	.sleb128	1
      000034 00 00 00 00            805 	.dw	0,0
      000038 00 00 00 00            806 	.dw	0,0
      00003C 00 00r01r36            807 	.dw	0,(Sstm8s_gpio$GPIO_ReadOutputData$52)
      000040 00 00r01r40            808 	.dw	0,(Sstm8s_gpio$GPIO_ReadOutputData$56)
      000044 00 02                  809 	.dw	2
      000046 8F                     810 	.db	143
      000047 01                     811 	.sleb128	1
      000048 00 00 00 00            812 	.dw	0,0
      00004C 00 00 00 00            813 	.dw	0,0
      000050 00 00r01r1D            814 	.dw	0,(Sstm8s_gpio$GPIO_WriteReverse$46)
      000054 00 00r01r2A            815 	.dw	0,(Sstm8s_gpio$GPIO_WriteReverse$50)
      000058 00 02                  816 	.dw	2
      00005A 8F                     817 	.db	143
      00005B 01                     818 	.sleb128	1
      00005C 00 00 00 00            819 	.dw	0,0
      000060 00 00 00 00            820 	.dw	0,0
      000064 00 00r00rFD            821 	.dw	0,(Sstm8s_gpio$GPIO_WriteLow$40)
      000068 00 00r01r11            822 	.dw	0,(Sstm8s_gpio$GPIO_WriteLow$44)
      00006C 00 02                  823 	.dw	2
      00006E 8F                     824 	.db	143
      00006F 01                     825 	.sleb128	1
      000070 00 00 00 00            826 	.dw	0,0
      000074 00 00 00 00            827 	.dw	0,0
      000078 00 00r00rE4            828 	.dw	0,(Sstm8s_gpio$GPIO_WriteHigh$34)
      00007C 00 00r00rF1            829 	.dw	0,(Sstm8s_gpio$GPIO_WriteHigh$38)
      000080 00 02                  830 	.dw	2
      000082 8F                     831 	.db	143
      000083 01                     832 	.sleb128	1
      000084 00 00 00 00            833 	.dw	0,0
      000088 00 00 00 00            834 	.dw	0,0
      00008C 00 00r00rCC            835 	.dw	0,(Sstm8s_gpio$GPIO_Write$28)
      000090 00 00r00rD8            836 	.dw	0,(Sstm8s_gpio$GPIO_Write$32)
      000094 00 02                  837 	.dw	2
      000096 8F                     838 	.db	143
      000097 01                     839 	.sleb128	1
      000098 00 00 00 00            840 	.dw	0,0
      00009C 00 00 00 00            841 	.dw	0,0
      0000A0 00 00r00r3B            842 	.dw	0,(Sstm8s_gpio$GPIO_Init$10)
      0000A4 00 00r00rC0            843 	.dw	0,(Sstm8s_gpio$GPIO_Init$26)
      0000A8 00 02                  844 	.dw	2
      0000AA 8F                     845 	.db	143
      0000AB 01                     846 	.sleb128	1
      0000AC 00 00 00 00            847 	.dw	0,0
      0000B0 00 00 00 00            848 	.dw	0,0
      0000B4 00 00r00r0C            849 	.dw	0,(Sstm8s_gpio$GPIO_DeInit$1)
      0000B8 00 00r00r2F            850 	.dw	0,(Sstm8s_gpio$GPIO_DeInit$8)
      0000BC 00 02                  851 	.dw	2
      0000BE 8F                     852 	.db	143
      0000BF 01                     853 	.sleb128	1
      0000C0 00 00 00 00            854 	.dw	0,0
      0000C4 00 00 00 00            855 	.dw	0,0
                                    856 
                                    857 	.area .debug_abbrev (NOLOAD)
      000000                        858 Ldebug_abbrev:
      000000 06                     859 	.uleb128	6
      000001 0F                     860 	.uleb128	15
      000002 00                     861 	.db	0
      000003 0B                     862 	.uleb128	11
      000004 0B                     863 	.uleb128	11
      000005 49                     864 	.uleb128	73
      000006 13                     865 	.uleb128	19
      000007 00                     866 	.uleb128	0
      000008 00                     867 	.uleb128	0
      000009 04                     868 	.uleb128	4
      00000A 35                     869 	.uleb128	53
      00000B 00                     870 	.db	0
      00000C 49                     871 	.uleb128	73
      00000D 13                     872 	.uleb128	19
      00000E 00                     873 	.uleb128	0
      00000F 00                     874 	.uleb128	0
      000010 0A                     875 	.uleb128	10
      000011 0B                     876 	.uleb128	11
      000012 00                     877 	.db	0
      000013 00                     878 	.uleb128	0
      000014 00                     879 	.uleb128	0
      000015 07                     880 	.uleb128	7
      000016 05                     881 	.uleb128	5
      000017 00                     882 	.db	0
      000018 02                     883 	.uleb128	2
      000019 0A                     884 	.uleb128	10
      00001A 03                     885 	.uleb128	3
      00001B 08                     886 	.uleb128	8
      00001C 49                     887 	.uleb128	73
      00001D 13                     888 	.uleb128	19
      00001E 00                     889 	.uleb128	0
      00001F 00                     890 	.uleb128	0
      000020 02                     891 	.uleb128	2
      000021 2E                     892 	.uleb128	46
      000022 01                     893 	.db	1
      000023 01                     894 	.uleb128	1
      000024 13                     895 	.uleb128	19
      000025 03                     896 	.uleb128	3
      000026 08                     897 	.uleb128	8
      000027 11                     898 	.uleb128	17
      000028 01                     899 	.uleb128	1
      000029 12                     900 	.uleb128	18
      00002A 01                     901 	.uleb128	1
      00002B 3F                     902 	.uleb128	63
      00002C 0C                     903 	.uleb128	12
      00002D 40                     904 	.uleb128	64
      00002E 06                     905 	.uleb128	6
      00002F 00                     906 	.uleb128	0
      000030 00                     907 	.uleb128	0
      000031 0B                     908 	.uleb128	11
      000032 2E                     909 	.uleb128	46
      000033 01                     910 	.db	1
      000034 01                     911 	.uleb128	1
      000035 13                     912 	.uleb128	19
      000036 03                     913 	.uleb128	3
      000037 08                     914 	.uleb128	8
      000038 11                     915 	.uleb128	17
      000039 01                     916 	.uleb128	1
      00003A 12                     917 	.uleb128	18
      00003B 01                     918 	.uleb128	1
      00003C 3F                     919 	.uleb128	63
      00003D 0C                     920 	.uleb128	12
      00003E 40                     921 	.uleb128	64
      00003F 06                     922 	.uleb128	6
      000040 49                     923 	.uleb128	73
      000041 13                     924 	.uleb128	19
      000042 00                     925 	.uleb128	0
      000043 00                     926 	.uleb128	0
      000044 09                     927 	.uleb128	9
      000045 0B                     928 	.uleb128	11
      000046 01                     929 	.db	1
      000047 01                     930 	.uleb128	1
      000048 13                     931 	.uleb128	19
      000049 00                     932 	.uleb128	0
      00004A 00                     933 	.uleb128	0
      00004B 01                     934 	.uleb128	1
      00004C 11                     935 	.uleb128	17
      00004D 01                     936 	.db	1
      00004E 03                     937 	.uleb128	3
      00004F 08                     938 	.uleb128	8
      000050 10                     939 	.uleb128	16
      000051 06                     940 	.uleb128	6
      000052 13                     941 	.uleb128	19
      000053 0B                     942 	.uleb128	11
      000054 25                     943 	.uleb128	37
      000055 08                     944 	.uleb128	8
      000056 00                     945 	.uleb128	0
      000057 00                     946 	.uleb128	0
      000058 05                     947 	.uleb128	5
      000059 0D                     948 	.uleb128	13
      00005A 00                     949 	.db	0
      00005B 03                     950 	.uleb128	3
      00005C 08                     951 	.uleb128	8
      00005D 38                     952 	.uleb128	56
      00005E 0A                     953 	.uleb128	10
      00005F 49                     954 	.uleb128	73
      000060 13                     955 	.uleb128	19
      000061 00                     956 	.uleb128	0
      000062 00                     957 	.uleb128	0
      000063 0C                     958 	.uleb128	12
      000064 2E                     959 	.uleb128	46
      000065 01                     960 	.db	1
      000066 03                     961 	.uleb128	3
      000067 08                     962 	.uleb128	8
      000068 11                     963 	.uleb128	17
      000069 01                     964 	.uleb128	1
      00006A 12                     965 	.uleb128	18
      00006B 01                     966 	.uleb128	1
      00006C 3F                     967 	.uleb128	63
      00006D 0C                     968 	.uleb128	12
      00006E 40                     969 	.uleb128	64
      00006F 06                     970 	.uleb128	6
      000070 00                     971 	.uleb128	0
      000071 00                     972 	.uleb128	0
      000072 03                     973 	.uleb128	3
      000073 13                     974 	.uleb128	19
      000074 01                     975 	.db	1
      000075 01                     976 	.uleb128	1
      000076 13                     977 	.uleb128	19
      000077 03                     978 	.uleb128	3
      000078 08                     979 	.uleb128	8
      000079 0B                     980 	.uleb128	11
      00007A 0B                     981 	.uleb128	11
      00007B 00                     982 	.uleb128	0
      00007C 00                     983 	.uleb128	0
      00007D 08                     984 	.uleb128	8
      00007E 24                     985 	.uleb128	36
      00007F 00                     986 	.db	0
      000080 03                     987 	.uleb128	3
      000081 08                     988 	.uleb128	8
      000082 0B                     989 	.uleb128	11
      000083 0B                     990 	.uleb128	11
      000084 3E                     991 	.uleb128	62
      000085 0B                     992 	.uleb128	11
      000086 00                     993 	.uleb128	0
      000087 00                     994 	.uleb128	0
      000088 00                     995 	.uleb128	0
                                    996 
                                    997 	.area .debug_info (NOLOAD)
      000000 00 00 03 60            998 	.dw	0,Ldebug_info_end-Ldebug_info_start
      000004                        999 Ldebug_info_start:
      000004 00 02                 1000 	.dw	2
      000006 00 00r00r00           1001 	.dw	0,(Ldebug_abbrev)
      00000A 04                    1002 	.db	4
      00000B 01                    1003 	.uleb128	1
      00000C 53 74 64 50 65 72 69  1004 	.ascii "StdPeriphLib/src/stm8s_gpio.c"
             70 68 4C 69 62 2F 73
             72 63 2F 73 74 6D 38
             73 5F 67 70 69 6F 2E
             63
      000029 00                    1005 	.db	0
      00002A 00 00r00r00           1006 	.dw	0,(Ldebug_line_start+-4)
      00002E 01                    1007 	.db	1
      00002F 53 44 43 43 20 76 65  1008 	.ascii "SDCC version 3.6.0 #9615"
             72 73 69 6F 6E 20 33
             2E 36 2E 30 20 23 39
             36 31 35
      000047 00                    1009 	.db	0
      000048 02                    1010 	.uleb128	2
      000049 00 00 00 CF           1011 	.dw	0,207
      00004D 47 50 49 4F 5F 44 65  1012 	.ascii "GPIO_DeInit"
             49 6E 69 74
      000058 00                    1013 	.db	0
      000059 00 00r00r00           1014 	.dw	0,(_GPIO_DeInit)
      00005D 00 00r00r2F           1015 	.dw	0,(XG$GPIO_DeInit$0$0+7)
      000061 01                    1016 	.db	1
      000062 00 00r00rB4           1017 	.dw	0,(Ldebug_loc_start+180)
      000066 03                    1018 	.uleb128	3
      000067 00 00 00 BA           1019 	.dw	0,186
      00006B 47 50 49 4F 5F 73 74  1020 	.ascii "GPIO_struct"
             72 75 63 74
      000076 00                    1021 	.db	0
      000077 05                    1022 	.db	5
      000078 04                    1023 	.uleb128	4
      000079 00 00 00 CF           1024 	.dw	0,207
      00007D 05                    1025 	.uleb128	5
      00007E 4F 44 52              1026 	.ascii "ODR"
      000081 00                    1027 	.db	0
      000082 02                    1028 	.db	2
      000083 23                    1029 	.db	35
      000084 00                    1030 	.uleb128	0
      000085 00 00 00 78           1031 	.dw	0,120
      000089 05                    1032 	.uleb128	5
      00008A 49 44 52              1033 	.ascii "IDR"
      00008D 00                    1034 	.db	0
      00008E 02                    1035 	.db	2
      00008F 23                    1036 	.db	35
      000090 01                    1037 	.uleb128	1
      000091 00 00 00 78           1038 	.dw	0,120
      000095 05                    1039 	.uleb128	5
      000096 44 44 52              1040 	.ascii "DDR"
      000099 00                    1041 	.db	0
      00009A 02                    1042 	.db	2
      00009B 23                    1043 	.db	35
      00009C 02                    1044 	.uleb128	2
      00009D 00 00 00 78           1045 	.dw	0,120
      0000A1 05                    1046 	.uleb128	5
      0000A2 43 52 31              1047 	.ascii "CR1"
      0000A5 00                    1048 	.db	0
      0000A6 02                    1049 	.db	2
      0000A7 23                    1050 	.db	35
      0000A8 03                    1051 	.uleb128	3
      0000A9 00 00 00 78           1052 	.dw	0,120
      0000AD 05                    1053 	.uleb128	5
      0000AE 43 52 32              1054 	.ascii "CR2"
      0000B1 00                    1055 	.db	0
      0000B2 02                    1056 	.db	2
      0000B3 23                    1057 	.db	35
      0000B4 04                    1058 	.uleb128	4
      0000B5 00 00 00 78           1059 	.dw	0,120
      0000B9 00                    1060 	.uleb128	0
      0000BA 06                    1061 	.uleb128	6
      0000BB 02                    1062 	.db	2
      0000BC 00 00 00 66           1063 	.dw	0,102
      0000C0 07                    1064 	.uleb128	7
      0000C1 02                    1065 	.db	2
      0000C2 91                    1066 	.db	145
      0000C3 04                    1067 	.sleb128	4
      0000C4 47 50 49 4F 78        1068 	.ascii "GPIOx"
      0000C9 00                    1069 	.db	0
      0000CA 00 00 00 BA           1070 	.dw	0,186
      0000CE 00                    1071 	.uleb128	0
      0000CF 08                    1072 	.uleb128	8
      0000D0 75 6E 73 69 67 6E 65  1073 	.ascii "unsigned char"
             64 20 63 68 61 72
      0000DD 00                    1074 	.db	0
      0000DE 01                    1075 	.db	1
      0000DF 08                    1076 	.db	8
      0000E0 02                    1077 	.uleb128	2
      0000E1 00 00 01 3B           1078 	.dw	0,315
      0000E5 47 50 49 4F 5F 49 6E  1079 	.ascii "GPIO_Init"
             69 74
      0000EE 00                    1080 	.db	0
      0000EF 00 00r00r2F           1081 	.dw	0,(_GPIO_Init)
      0000F3 00 00r00rC0           1082 	.dw	0,(XG$GPIO_Init$0$0+7)
      0000F7 01                    1083 	.db	1
      0000F8 00 00r00rA0           1084 	.dw	0,(Ldebug_loc_start+160)
      0000FC 07                    1085 	.uleb128	7
      0000FD 02                    1086 	.db	2
      0000FE 91                    1087 	.db	145
      0000FF 04                    1088 	.sleb128	4
      000100 47 50 49 4F 78        1089 	.ascii "GPIOx"
      000105 00                    1090 	.db	0
      000106 00 00 00 BA           1091 	.dw	0,186
      00010A 07                    1092 	.uleb128	7
      00010B 02                    1093 	.db	2
      00010C 91                    1094 	.db	145
      00010D 06                    1095 	.sleb128	6
      00010E 47 50 49 4F 5F 50 69  1096 	.ascii "GPIO_Pin"
             6E
      000116 00                    1097 	.db	0
      000117 00 00 01 3B           1098 	.dw	0,315
      00011B 07                    1099 	.uleb128	7
      00011C 02                    1100 	.db	2
      00011D 91                    1101 	.db	145
      00011E 07                    1102 	.sleb128	7
      00011F 47 50 49 4F 5F 4D 6F  1103 	.ascii "GPIO_Mode"
             64 65
      000128 00                    1104 	.db	0
      000129 00 00 01 3B           1105 	.dw	0,315
      00012D 09                    1106 	.uleb128	9
      00012E 00 00 01 35           1107 	.dw	0,309
      000132 0A                    1108 	.uleb128	10
      000133 0A                    1109 	.uleb128	10
      000134 00                    1110 	.uleb128	0
      000135 0A                    1111 	.uleb128	10
      000136 0A                    1112 	.uleb128	10
      000137 0A                    1113 	.uleb128	10
      000138 0A                    1114 	.uleb128	10
      000139 0A                    1115 	.uleb128	10
      00013A 00                    1116 	.uleb128	0
      00013B 08                    1117 	.uleb128	8
      00013C 75 6E 73 69 67 6E 65  1118 	.ascii "unsigned char"
             64 20 63 68 61 72
      000149 00                    1119 	.db	0
      00014A 01                    1120 	.db	1
      00014B 08                    1121 	.db	8
      00014C 02                    1122 	.uleb128	2
      00014D 00 00 01 88           1123 	.dw	0,392
      000151 47 50 49 4F 5F 57 72  1124 	.ascii "GPIO_Write"
             69 74 65
      00015B 00                    1125 	.db	0
      00015C 00 00r00rC0           1126 	.dw	0,(_GPIO_Write)
      000160 00 00r00rD8           1127 	.dw	0,(XG$GPIO_Write$0$0+7)
      000164 01                    1128 	.db	1
      000165 00 00r00r8C           1129 	.dw	0,(Ldebug_loc_start+140)
      000169 07                    1130 	.uleb128	7
      00016A 02                    1131 	.db	2
      00016B 91                    1132 	.db	145
      00016C 04                    1133 	.sleb128	4
      00016D 47 50 49 4F 78        1134 	.ascii "GPIOx"
      000172 00                    1135 	.db	0
      000173 00 00 00 BA           1136 	.dw	0,186
      000177 07                    1137 	.uleb128	7
      000178 02                    1138 	.db	2
      000179 91                    1139 	.db	145
      00017A 06                    1140 	.sleb128	6
      00017B 50 6F 72 74 56 61 6C  1141 	.ascii "PortVal"
      000182 00                    1142 	.db	0
      000183 00 00 01 3B           1143 	.dw	0,315
      000187 00                    1144 	.uleb128	0
      000188 02                    1145 	.uleb128	2
      000189 00 00 01 C9           1146 	.dw	0,457
      00018D 47 50 49 4F 5F 57 72  1147 	.ascii "GPIO_WriteHigh"
             69 74 65 48 69 67 68
      00019B 00                    1148 	.db	0
      00019C 00 00r00rD8           1149 	.dw	0,(_GPIO_WriteHigh)
      0001A0 00 00r00rF1           1150 	.dw	0,(XG$GPIO_WriteHigh$0$0+7)
      0001A4 01                    1151 	.db	1
      0001A5 00 00r00r78           1152 	.dw	0,(Ldebug_loc_start+120)
      0001A9 07                    1153 	.uleb128	7
      0001AA 02                    1154 	.db	2
      0001AB 91                    1155 	.db	145
      0001AC 04                    1156 	.sleb128	4
      0001AD 47 50 49 4F 78        1157 	.ascii "GPIOx"
      0001B2 00                    1158 	.db	0
      0001B3 00 00 00 BA           1159 	.dw	0,186
      0001B7 07                    1160 	.uleb128	7
      0001B8 02                    1161 	.db	2
      0001B9 91                    1162 	.db	145
      0001BA 06                    1163 	.sleb128	6
      0001BB 50 6F 72 74 50 69 6E  1164 	.ascii "PortPins"
             73
      0001C3 00                    1165 	.db	0
      0001C4 00 00 01 3B           1166 	.dw	0,315
      0001C8 00                    1167 	.uleb128	0
      0001C9 02                    1168 	.uleb128	2
      0001CA 00 00 02 09           1169 	.dw	0,521
      0001CE 47 50 49 4F 5F 57 72  1170 	.ascii "GPIO_WriteLow"
             69 74 65 4C 6F 77
      0001DB 00                    1171 	.db	0
      0001DC 00 00r00rF1           1172 	.dw	0,(_GPIO_WriteLow)
      0001E0 00 00r01r11           1173 	.dw	0,(XG$GPIO_WriteLow$0$0+7)
      0001E4 01                    1174 	.db	1
      0001E5 00 00r00r64           1175 	.dw	0,(Ldebug_loc_start+100)
      0001E9 07                    1176 	.uleb128	7
      0001EA 02                    1177 	.db	2
      0001EB 91                    1178 	.db	145
      0001EC 04                    1179 	.sleb128	4
      0001ED 47 50 49 4F 78        1180 	.ascii "GPIOx"
      0001F2 00                    1181 	.db	0
      0001F3 00 00 00 BA           1182 	.dw	0,186
      0001F7 07                    1183 	.uleb128	7
      0001F8 02                    1184 	.db	2
      0001F9 91                    1185 	.db	145
      0001FA 06                    1186 	.sleb128	6
      0001FB 50 6F 72 74 50 69 6E  1187 	.ascii "PortPins"
             73
      000203 00                    1188 	.db	0
      000204 00 00 01 3B           1189 	.dw	0,315
      000208 00                    1190 	.uleb128	0
      000209 02                    1191 	.uleb128	2
      00020A 00 00 02 4D           1192 	.dw	0,589
      00020E 47 50 49 4F 5F 57 72  1193 	.ascii "GPIO_WriteReverse"
             69 74 65 52 65 76 65
             72 73 65
      00021F 00                    1194 	.db	0
      000220 00 00r01r11           1195 	.dw	0,(_GPIO_WriteReverse)
      000224 00 00r01r2A           1196 	.dw	0,(XG$GPIO_WriteReverse$0$0+7)
      000228 01                    1197 	.db	1
      000229 00 00r00r50           1198 	.dw	0,(Ldebug_loc_start+80)
      00022D 07                    1199 	.uleb128	7
      00022E 02                    1200 	.db	2
      00022F 91                    1201 	.db	145
      000230 04                    1202 	.sleb128	4
      000231 47 50 49 4F 78        1203 	.ascii "GPIOx"
      000236 00                    1204 	.db	0
      000237 00 00 00 BA           1205 	.dw	0,186
      00023B 07                    1206 	.uleb128	7
      00023C 02                    1207 	.db	2
      00023D 91                    1208 	.db	145
      00023E 06                    1209 	.sleb128	6
      00023F 50 6F 72 74 50 69 6E  1210 	.ascii "PortPins"
             73
      000247 00                    1211 	.db	0
      000248 00 00 01 3B           1212 	.dw	0,315
      00024C 00                    1213 	.uleb128	0
      00024D 0B                    1214 	.uleb128	11
      00024E 00 00 02 86           1215 	.dw	0,646
      000252 47 50 49 4F 5F 52 65  1216 	.ascii "GPIO_ReadOutputData"
             61 64 4F 75 74 70 75
             74 44 61 74 61
      000265 00                    1217 	.db	0
      000266 00 00r01r2A           1218 	.dw	0,(_GPIO_ReadOutputData)
      00026A 00 00r01r40           1219 	.dw	0,(XG$GPIO_ReadOutputData$0$0+7)
      00026E 01                    1220 	.db	1
      00026F 00 00r00r3C           1221 	.dw	0,(Ldebug_loc_start+60)
      000273 00 00 01 3B           1222 	.dw	0,315
      000277 07                    1223 	.uleb128	7
      000278 02                    1224 	.db	2
      000279 91                    1225 	.db	145
      00027A 04                    1226 	.sleb128	4
      00027B 47 50 49 4F 78        1227 	.ascii "GPIOx"
      000280 00                    1228 	.db	0
      000281 00 00 00 BA           1229 	.dw	0,186
      000285 00                    1230 	.uleb128	0
      000286 0B                    1231 	.uleb128	11
      000287 00 00 02 BE           1232 	.dw	0,702
      00028B 47 50 49 4F 5F 52 65  1233 	.ascii "GPIO_ReadInputData"
             61 64 49 6E 70 75 74
             44 61 74 61
      00029D 00                    1234 	.db	0
      00029E 00 00r01r40           1235 	.dw	0,(_GPIO_ReadInputData)
      0002A2 00 00r01r57           1236 	.dw	0,(XG$GPIO_ReadInputData$0$0+7)
      0002A6 01                    1237 	.db	1
      0002A7 00 00r00r28           1238 	.dw	0,(Ldebug_loc_start+40)
      0002AB 00 00 01 3B           1239 	.dw	0,315
      0002AF 07                    1240 	.uleb128	7
      0002B0 02                    1241 	.db	2
      0002B1 91                    1242 	.db	145
      0002B2 04                    1243 	.sleb128	4
      0002B3 47 50 49 4F 78        1244 	.ascii "GPIOx"
      0002B8 00                    1245 	.db	0
      0002B9 00 00 00 BA           1246 	.dw	0,186
      0002BD 00                    1247 	.uleb128	0
      0002BE 0B                    1248 	.uleb128	11
      0002BF 00 00 03 06           1249 	.dw	0,774
      0002C3 47 50 49 4F 5F 52 65  1250 	.ascii "GPIO_ReadInputPin"
             61 64 49 6E 70 75 74
             50 69 6E
      0002D4 00                    1251 	.db	0
      0002D5 00 00r01r57           1252 	.dw	0,(_GPIO_ReadInputPin)
      0002D9 00 00r01r70           1253 	.dw	0,(XG$GPIO_ReadInputPin$0$0+7)
      0002DD 01                    1254 	.db	1
      0002DE 00 00r00r14           1255 	.dw	0,(Ldebug_loc_start+20)
      0002E2 00 00 01 3B           1256 	.dw	0,315
      0002E6 07                    1257 	.uleb128	7
      0002E7 02                    1258 	.db	2
      0002E8 91                    1259 	.db	145
      0002E9 04                    1260 	.sleb128	4
      0002EA 47 50 49 4F 78        1261 	.ascii "GPIOx"
      0002EF 00                    1262 	.db	0
      0002F0 00 00 00 BA           1263 	.dw	0,186
      0002F4 07                    1264 	.uleb128	7
      0002F5 02                    1265 	.db	2
      0002F6 91                    1266 	.db	145
      0002F7 06                    1267 	.sleb128	6
      0002F8 47 50 49 4F 5F 50 69  1268 	.ascii "GPIO_Pin"
             6E
      000300 00                    1269 	.db	0
      000301 00 00 01 3B           1270 	.dw	0,315
      000305 00                    1271 	.uleb128	0
      000306 0C                    1272 	.uleb128	12
      000307 47 50 49 4F 5F 45 78  1273 	.ascii "GPIO_ExternalPullUpConfig"
             74 65 72 6E 61 6C 50
             75 6C 6C 55 70 43 6F
             6E 66 69 67
      000320 00                    1274 	.db	0
      000321 00 00r01r70           1275 	.dw	0,(_GPIO_ExternalPullUpConfig)
      000325 00 00r01rA2           1276 	.dw	0,(XG$GPIO_ExternalPullUpConfig$0$0+7)
      000329 01                    1277 	.db	1
      00032A 00 00r00r00           1278 	.dw	0,(Ldebug_loc_start)
      00032E 07                    1279 	.uleb128	7
      00032F 02                    1280 	.db	2
      000330 91                    1281 	.db	145
      000331 04                    1282 	.sleb128	4
      000332 47 50 49 4F 78        1283 	.ascii "GPIOx"
      000337 00                    1284 	.db	0
      000338 00 00 00 BA           1285 	.dw	0,186
      00033C 07                    1286 	.uleb128	7
      00033D 02                    1287 	.db	2
      00033E 91                    1288 	.db	145
      00033F 06                    1289 	.sleb128	6
      000340 47 50 49 4F 5F 50 69  1290 	.ascii "GPIO_Pin"
             6E
      000348 00                    1291 	.db	0
      000349 00 00 01 3B           1292 	.dw	0,315
      00034D 07                    1293 	.uleb128	7
      00034E 02                    1294 	.db	2
      00034F 91                    1295 	.db	145
      000350 07                    1296 	.sleb128	7
      000351 4E 65 77 53 74 61 74  1297 	.ascii "NewState"
             65
      000359 00                    1298 	.db	0
      00035A 00 00 01 3B           1299 	.dw	0,315
      00035E 0A                    1300 	.uleb128	10
      00035F 0A                    1301 	.uleb128	10
      000360 00                    1302 	.uleb128	0
      000361 00                    1303 	.uleb128	0
      000362 00                    1304 	.uleb128	0
      000363 00                    1305 	.uleb128	0
      000364                       1306 Ldebug_info_end:
                                   1307 
                                   1308 	.area .debug_pubnames (NOLOAD)
      000000 00 00 00 D9           1309 	.dw	0,Ldebug_pubnames_end-Ldebug_pubnames_start
      000004                       1310 Ldebug_pubnames_start:
      000004 00 02                 1311 	.dw	2
      000006 00 00r00r00           1312 	.dw	0,(Ldebug_info_start-4)
      00000A 00 00 03 64           1313 	.dw	0,4+Ldebug_info_end-Ldebug_info_start
      00000E 00 00 00 48           1314 	.dw	0,72
      000012 47 50 49 4F 5F 44 65  1315 	.ascii "GPIO_DeInit"
             49 6E 69 74
      00001D 00                    1316 	.db	0
      00001E 00 00 00 E0           1317 	.dw	0,224
      000022 47 50 49 4F 5F 49 6E  1318 	.ascii "GPIO_Init"
             69 74
      00002B 00                    1319 	.db	0
      00002C 00 00 01 4C           1320 	.dw	0,332
      000030 47 50 49 4F 5F 57 72  1321 	.ascii "GPIO_Write"
             69 74 65
      00003A 00                    1322 	.db	0
      00003B 00 00 01 88           1323 	.dw	0,392
      00003F 47 50 49 4F 5F 57 72  1324 	.ascii "GPIO_WriteHigh"
             69 74 65 48 69 67 68
      00004D 00                    1325 	.db	0
      00004E 00 00 01 C9           1326 	.dw	0,457
      000052 47 50 49 4F 5F 57 72  1327 	.ascii "GPIO_WriteLow"
             69 74 65 4C 6F 77
      00005F 00                    1328 	.db	0
      000060 00 00 02 09           1329 	.dw	0,521
      000064 47 50 49 4F 5F 57 72  1330 	.ascii "GPIO_WriteReverse"
             69 74 65 52 65 76 65
             72 73 65
      000075 00                    1331 	.db	0
      000076 00 00 02 4D           1332 	.dw	0,589
      00007A 47 50 49 4F 5F 52 65  1333 	.ascii "GPIO_ReadOutputData"
             61 64 4F 75 74 70 75
             74 44 61 74 61
      00008D 00                    1334 	.db	0
      00008E 00 00 02 86           1335 	.dw	0,646
      000092 47 50 49 4F 5F 52 65  1336 	.ascii "GPIO_ReadInputData"
             61 64 49 6E 70 75 74
             44 61 74 61
      0000A4 00                    1337 	.db	0
      0000A5 00 00 02 BE           1338 	.dw	0,702
      0000A9 47 50 49 4F 5F 52 65  1339 	.ascii "GPIO_ReadInputPin"
             61 64 49 6E 70 75 74
             50 69 6E
      0000BA 00                    1340 	.db	0
      0000BB 00 00 03 06           1341 	.dw	0,774
      0000BF 47 50 49 4F 5F 45 78  1342 	.ascii "GPIO_ExternalPullUpConfig"
             74 65 72 6E 61 6C 50
             75 6C 6C 55 70 43 6F
             6E 66 69 67
      0000D8 00                    1343 	.db	0
      0000D9 00 00 00 00           1344 	.dw	0,0
      0000DD                       1345 Ldebug_pubnames_end:
                                   1346 
                                   1347 	.area .debug_frame (NOLOAD)
      000000 00 00                 1348 	.dw	0
      000002 00 0E                 1349 	.dw	Ldebug_CIE_end-Ldebug_CIE_start
      000004                       1350 Ldebug_CIE_start:
      000004 FF FF                 1351 	.dw	0xffff
      000006 FF FF                 1352 	.dw	0xffff
      000008 01                    1353 	.db	1
      000009 00                    1354 	.db	0
      00000A 01                    1355 	.uleb128	1
      00000B 01                    1356 	.sleb128	1
      00000C 00                    1357 	.db	0
      00000D 0C                    1358 	.db	12
      00000E 00                    1359 	.uleb128	0
      00000F 00                    1360 	.uleb128	0
      000010 80                    1361 	.db	128
      000011 00                    1362 	.uleb128	0
      000012                       1363 Ldebug_CIE_end:
