                                      1 ;--------------------------------------------------------
                                      2 ; File Created by SDCC : free open source ANSI-C Compiler
                                      3 ; Version 3.6.0 #9615 (Linux)
                                      4 ;--------------------------------------------------------
                                      5 	.module stm8s_exti
                                      6 	.optsdcc -mstm8
                                      7 	
                                      8 ;--------------------------------------------------------
                                      9 ; Public variables in this module
                                     10 ;--------------------------------------------------------
                                     11 	.globl _EXTI_DeInit
                                     12 	.globl _EXTI_SetExtIntSensitivity
                                     13 	.globl _EXTI_SetTLISensitivity
                                     14 	.globl _EXTI_GetExtIntSensitivity
                                     15 	.globl _EXTI_GetTLISensitivity
                                     16 ;--------------------------------------------------------
                                     17 ; ram data
                                     18 ;--------------------------------------------------------
                                     19 	.area DATA
                                     20 ;--------------------------------------------------------
                                     21 ; ram data
                                     22 ;--------------------------------------------------------
                                     23 	.area INITIALIZED
                                     24 ;--------------------------------------------------------
                                     25 ; absolute external ram data
                                     26 ;--------------------------------------------------------
                                     27 	.area DABS (ABS)
                                     28 ;--------------------------------------------------------
                                     29 ; global & static initialisations
                                     30 ;--------------------------------------------------------
                                     31 	.area HOME
                                     32 	.area GSINIT
                                     33 	.area GSFINAL
                                     34 	.area GSINIT
                                     35 ;--------------------------------------------------------
                                     36 ; Home
                                     37 ;--------------------------------------------------------
                                     38 	.area HOME
                                     39 	.area HOME
                                     40 ;--------------------------------------------------------
                                     41 ; code
                                     42 ;--------------------------------------------------------
                                     43 	.area CODE
                           000000    44 	Sstm8s_exti$EXTI_DeInit$0 ==.
                                     45 ;	StdPeriphLib/src/stm8s_exti.c: 53: void EXTI_DeInit(void)
                                     46 ;	-----------------------------------------
                                     47 ;	 function EXTI_DeInit
                                     48 ;	-----------------------------------------
      000000                         49 _EXTI_DeInit:
      000000 3Bu00u01         [ 1]   50 	push	_fp_+1
      000003 3Bu00u00         [ 1]   51 	push	_fp_
      000006 90 96            [ 1]   52 	ldw	y, sp
      000008 90 CFu00u00      [ 2]   53 	ldw	_fp_, y
                           00000C    54 	Sstm8s_exti$EXTI_DeInit$1 ==.
                           00000C    55 	Sstm8s_exti$EXTI_DeInit$2 ==.
                                     56 ;	StdPeriphLib/src/stm8s_exti.c: 55: EXTI->CR1 = EXTI_CR1_RESET_VALUE;
      00000C 35 00 50 A0      [ 1]   57 	mov	0x50a0+0, #0x00
                           000010    58 	Sstm8s_exti$EXTI_DeInit$3 ==.
                                     59 ;	StdPeriphLib/src/stm8s_exti.c: 56: EXTI->CR2 = EXTI_CR2_RESET_VALUE;
      000010 35 00 50 A1      [ 1]   60 	mov	0x50a1+0, #0x00
                           000014    61 	Sstm8s_exti$EXTI_DeInit$4 ==.
                                     62 ;	StdPeriphLib/src/stm8s_exti.c: 57: }
                           000014    63 	Sstm8s_exti$EXTI_DeInit$5 ==.
                           000014    64 	XG$EXTI_DeInit$0$0 ==.
      000014 32u00u00         [ 1]   65 	pop	_fp_
      000017 32u00u01         [ 1]   66 	pop	_fp_+1
      00001A 81               [ 4]   67 	ret
                           00001B    68 	Sstm8s_exti$EXTI_DeInit$6 ==.
                           00001B    69 	Sstm8s_exti$EXTI_SetExtIntSensitivity$7 ==.
                                     70 ;	StdPeriphLib/src/stm8s_exti.c: 70: void EXTI_SetExtIntSensitivity(EXTI_Port_TypeDef Port, EXTI_Sensitivity_TypeDef SensitivityValue)
                                     71 ;	-----------------------------------------
                                     72 ;	 function EXTI_SetExtIntSensitivity
                                     73 ;	-----------------------------------------
      00001B                         74 _EXTI_SetExtIntSensitivity:
      00001B 3Bu00u01         [ 1]   75 	push	_fp_+1
      00001E 3Bu00u00         [ 1]   76 	push	_fp_
      000021 90 96            [ 1]   77 	ldw	y, sp
      000023 90 CFu00u00      [ 2]   78 	ldw	_fp_, y
                           000027    79 	Sstm8s_exti$EXTI_SetExtIntSensitivity$8 ==.
      000027 52 03            [ 2]   80 	sub	sp, #3
                           000029    81 	Sstm8s_exti$EXTI_SetExtIntSensitivity$9 ==.
                                     82 ;	StdPeriphLib/src/stm8s_exti.c: 77: switch (Port)
      000029 7B 08            [ 1]   83 	ld	a, (0x08, sp)
      00002B A1 04            [ 1]   84 	cp	a, #0x04
      00002D 23 03            [ 2]   85 	jrule	00113$
      00002F CCr00rBA         [ 2]   86 	jp	00108$
      000032                         87 00113$:
      000032 5F               [ 1]   88 	clrw	x
      000033 7B 08            [ 1]   89 	ld	a, (0x08, sp)
      000035 97               [ 1]   90 	ld	xl, a
      000036 58               [ 2]   91 	sllw	x
      000037 DEu00u3B         [ 2]   92 	ldw	x, (#00114$, x)
      00003A FC               [ 2]   93 	jp	(x)
      00003B                         94 00114$:
      00003Br00r45                   95 	.dw	#00101$
      00003Dr00r59                   96 	.dw	#00102$
      00003Fr00r73                   97 	.dw	#00103$
      000041r00r8D                   98 	.dw	#00104$
      000043r00rA9                   99 	.dw	#00105$
                           000045   100 	Sstm8s_exti$EXTI_SetExtIntSensitivity$10 ==.
                                    101 ;	StdPeriphLib/src/stm8s_exti.c: 79: case EXTI_PORT_GPIOA:
      000045                        102 00101$:
                           000045   103 	Sstm8s_exti$EXTI_SetExtIntSensitivity$11 ==.
                                    104 ;	StdPeriphLib/src/stm8s_exti.c: 80: EXTI->CR1 &= (uint8_t)(~EXTI_CR1_PAIS);
      000045 AE 50 A0         [ 2]  105 	ldw	x, #0x50a0
      000048 F6               [ 1]  106 	ld	a, (x)
      000049 A4 FC            [ 1]  107 	and	a, #0xfc
      00004B F7               [ 1]  108 	ld	(x), a
                           00004C   109 	Sstm8s_exti$EXTI_SetExtIntSensitivity$12 ==.
                                    110 ;	StdPeriphLib/src/stm8s_exti.c: 81: EXTI->CR1 |= (uint8_t)(SensitivityValue);
      00004C AE 50 A0         [ 2]  111 	ldw	x, #0x50a0
      00004F F6               [ 1]  112 	ld	a, (x)
      000050 1A 09            [ 1]  113 	or	a, (0x09, sp)
      000052 AE 50 A0         [ 2]  114 	ldw	x, #0x50a0
      000055 F7               [ 1]  115 	ld	(x), a
                           000056   116 	Sstm8s_exti$EXTI_SetExtIntSensitivity$13 ==.
                                    117 ;	StdPeriphLib/src/stm8s_exti.c: 82: break;
      000056 CCr00rBA         [ 2]  118 	jp	00108$
                           000059   119 	Sstm8s_exti$EXTI_SetExtIntSensitivity$14 ==.
                                    120 ;	StdPeriphLib/src/stm8s_exti.c: 83: case EXTI_PORT_GPIOB:
      000059                        121 00102$:
                           000059   122 	Sstm8s_exti$EXTI_SetExtIntSensitivity$15 ==.
                                    123 ;	StdPeriphLib/src/stm8s_exti.c: 84: EXTI->CR1 &= (uint8_t)(~EXTI_CR1_PBIS);
      000059 AE 50 A0         [ 2]  124 	ldw	x, #0x50a0
      00005C F6               [ 1]  125 	ld	a, (x)
      00005D A4 F3            [ 1]  126 	and	a, #0xf3
      00005F F7               [ 1]  127 	ld	(x), a
                           000060   128 	Sstm8s_exti$EXTI_SetExtIntSensitivity$16 ==.
                                    129 ;	StdPeriphLib/src/stm8s_exti.c: 85: EXTI->CR1 |= (uint8_t)((uint8_t)(SensitivityValue) << 2);
      000060 AE 50 A0         [ 2]  130 	ldw	x, #0x50a0
      000063 F6               [ 1]  131 	ld	a, (x)
      000064 6B 01            [ 1]  132 	ld	(0x01, sp), a
      000066 7B 09            [ 1]  133 	ld	a, (0x09, sp)
      000068 48               [ 1]  134 	sll	a
      000069 48               [ 1]  135 	sll	a
      00006A 1A 01            [ 1]  136 	or	a, (0x01, sp)
      00006C AE 50 A0         [ 2]  137 	ldw	x, #0x50a0
      00006F F7               [ 1]  138 	ld	(x), a
                           000070   139 	Sstm8s_exti$EXTI_SetExtIntSensitivity$17 ==.
                                    140 ;	StdPeriphLib/src/stm8s_exti.c: 86: break;
      000070 CCr00rBA         [ 2]  141 	jp	00108$
                           000073   142 	Sstm8s_exti$EXTI_SetExtIntSensitivity$18 ==.
                                    143 ;	StdPeriphLib/src/stm8s_exti.c: 87: case EXTI_PORT_GPIOC:
      000073                        144 00103$:
                           000073   145 	Sstm8s_exti$EXTI_SetExtIntSensitivity$19 ==.
                                    146 ;	StdPeriphLib/src/stm8s_exti.c: 88: EXTI->CR1 &= (uint8_t)(~EXTI_CR1_PCIS);
      000073 AE 50 A0         [ 2]  147 	ldw	x, #0x50a0
      000076 F6               [ 1]  148 	ld	a, (x)
      000077 A4 CF            [ 1]  149 	and	a, #0xcf
      000079 F7               [ 1]  150 	ld	(x), a
                           00007A   151 	Sstm8s_exti$EXTI_SetExtIntSensitivity$20 ==.
                                    152 ;	StdPeriphLib/src/stm8s_exti.c: 89: EXTI->CR1 |= (uint8_t)((uint8_t)(SensitivityValue) << 4);
      00007A AE 50 A0         [ 2]  153 	ldw	x, #0x50a0
      00007D F6               [ 1]  154 	ld	a, (x)
      00007E 6B 03            [ 1]  155 	ld	(0x03, sp), a
      000080 7B 09            [ 1]  156 	ld	a, (0x09, sp)
      000082 4E               [ 1]  157 	swap	a
      000083 A4 F0            [ 1]  158 	and	a, #0xf0
      000085 1A 03            [ 1]  159 	or	a, (0x03, sp)
      000087 AE 50 A0         [ 2]  160 	ldw	x, #0x50a0
      00008A F7               [ 1]  161 	ld	(x), a
                           00008B   162 	Sstm8s_exti$EXTI_SetExtIntSensitivity$21 ==.
                                    163 ;	StdPeriphLib/src/stm8s_exti.c: 90: break;
      00008B 20 2D            [ 2]  164 	jra	00108$
                           00008D   165 	Sstm8s_exti$EXTI_SetExtIntSensitivity$22 ==.
                                    166 ;	StdPeriphLib/src/stm8s_exti.c: 91: case EXTI_PORT_GPIOD:
      00008D                        167 00104$:
                           00008D   168 	Sstm8s_exti$EXTI_SetExtIntSensitivity$23 ==.
                                    169 ;	StdPeriphLib/src/stm8s_exti.c: 92: EXTI->CR1 &= (uint8_t)(~EXTI_CR1_PDIS);
      00008D AE 50 A0         [ 2]  170 	ldw	x, #0x50a0
      000090 F6               [ 1]  171 	ld	a, (x)
      000091 A4 3F            [ 1]  172 	and	a, #0x3f
      000093 F7               [ 1]  173 	ld	(x), a
                           000094   174 	Sstm8s_exti$EXTI_SetExtIntSensitivity$24 ==.
                                    175 ;	StdPeriphLib/src/stm8s_exti.c: 93: EXTI->CR1 |= (uint8_t)((uint8_t)(SensitivityValue) << 6);
      000094 AE 50 A0         [ 2]  176 	ldw	x, #0x50a0
      000097 F6               [ 1]  177 	ld	a, (x)
      000098 6B 02            [ 1]  178 	ld	(0x02, sp), a
      00009A 7B 09            [ 1]  179 	ld	a, (0x09, sp)
      00009C 4E               [ 1]  180 	swap	a
      00009D A4 F0            [ 1]  181 	and	a, #0xf0
      00009F 48               [ 1]  182 	sll	a
      0000A0 48               [ 1]  183 	sll	a
      0000A1 1A 02            [ 1]  184 	or	a, (0x02, sp)
      0000A3 AE 50 A0         [ 2]  185 	ldw	x, #0x50a0
      0000A6 F7               [ 1]  186 	ld	(x), a
                           0000A7   187 	Sstm8s_exti$EXTI_SetExtIntSensitivity$25 ==.
                                    188 ;	StdPeriphLib/src/stm8s_exti.c: 94: break;
      0000A7 20 11            [ 2]  189 	jra	00108$
                           0000A9   190 	Sstm8s_exti$EXTI_SetExtIntSensitivity$26 ==.
                                    191 ;	StdPeriphLib/src/stm8s_exti.c: 95: case EXTI_PORT_GPIOE:
      0000A9                        192 00105$:
                           0000A9   193 	Sstm8s_exti$EXTI_SetExtIntSensitivity$27 ==.
                                    194 ;	StdPeriphLib/src/stm8s_exti.c: 96: EXTI->CR2 &= (uint8_t)(~EXTI_CR2_PEIS);
      0000A9 AE 50 A1         [ 2]  195 	ldw	x, #0x50a1
      0000AC F6               [ 1]  196 	ld	a, (x)
      0000AD A4 FC            [ 1]  197 	and	a, #0xfc
      0000AF F7               [ 1]  198 	ld	(x), a
                           0000B0   199 	Sstm8s_exti$EXTI_SetExtIntSensitivity$28 ==.
                                    200 ;	StdPeriphLib/src/stm8s_exti.c: 97: EXTI->CR2 |= (uint8_t)(SensitivityValue);
      0000B0 AE 50 A1         [ 2]  201 	ldw	x, #0x50a1
      0000B3 F6               [ 1]  202 	ld	a, (x)
      0000B4 1A 09            [ 1]  203 	or	a, (0x09, sp)
      0000B6 AE 50 A1         [ 2]  204 	ldw	x, #0x50a1
      0000B9 F7               [ 1]  205 	ld	(x), a
                           0000BA   206 	Sstm8s_exti$EXTI_SetExtIntSensitivity$29 ==.
                                    207 ;	StdPeriphLib/src/stm8s_exti.c: 101: }
      0000BA                        208 00108$:
                           0000BA   209 	Sstm8s_exti$EXTI_SetExtIntSensitivity$30 ==.
                                    210 ;	StdPeriphLib/src/stm8s_exti.c: 102: }
      0000BA 5B 03            [ 2]  211 	addw	sp, #3
                           0000BC   212 	Sstm8s_exti$EXTI_SetExtIntSensitivity$31 ==.
                           0000BC   213 	XG$EXTI_SetExtIntSensitivity$0$0 ==.
      0000BC 32u00u00         [ 1]  214 	pop	_fp_
      0000BF 32u00u01         [ 1]  215 	pop	_fp_+1
      0000C2 81               [ 4]  216 	ret
                           0000C3   217 	Sstm8s_exti$EXTI_SetExtIntSensitivity$32 ==.
                           0000C3   218 	Sstm8s_exti$EXTI_SetTLISensitivity$33 ==.
                                    219 ;	StdPeriphLib/src/stm8s_exti.c: 111: void EXTI_SetTLISensitivity(EXTI_TLISensitivity_TypeDef SensitivityValue)
                                    220 ;	-----------------------------------------
                                    221 ;	 function EXTI_SetTLISensitivity
                                    222 ;	-----------------------------------------
      0000C3                        223 _EXTI_SetTLISensitivity:
      0000C3 3Bu00u01         [ 1]  224 	push	_fp_+1
      0000C6 3Bu00u00         [ 1]  225 	push	_fp_
      0000C9 90 96            [ 1]  226 	ldw	y, sp
      0000CB 90 CFu00u00      [ 2]  227 	ldw	_fp_, y
                           0000CF   228 	Sstm8s_exti$EXTI_SetTLISensitivity$34 ==.
                           0000CF   229 	Sstm8s_exti$EXTI_SetTLISensitivity$35 ==.
                                    230 ;	StdPeriphLib/src/stm8s_exti.c: 117: EXTI->CR2 &= (uint8_t)(~EXTI_CR2_TLIS);
      0000CF AE 50 A1         [ 2]  231 	ldw	x, #0x50a1
      0000D2 F6               [ 1]  232 	ld	a, (x)
      0000D3 A4 FB            [ 1]  233 	and	a, #0xfb
      0000D5 F7               [ 1]  234 	ld	(x), a
                           0000D6   235 	Sstm8s_exti$EXTI_SetTLISensitivity$36 ==.
                                    236 ;	StdPeriphLib/src/stm8s_exti.c: 118: EXTI->CR2 |= (uint8_t)(SensitivityValue);
      0000D6 AE 50 A1         [ 2]  237 	ldw	x, #0x50a1
      0000D9 F6               [ 1]  238 	ld	a, (x)
      0000DA 1A 05            [ 1]  239 	or	a, (0x05, sp)
      0000DC AE 50 A1         [ 2]  240 	ldw	x, #0x50a1
      0000DF F7               [ 1]  241 	ld	(x), a
                           0000E0   242 	Sstm8s_exti$EXTI_SetTLISensitivity$37 ==.
                                    243 ;	StdPeriphLib/src/stm8s_exti.c: 119: }
                           0000E0   244 	Sstm8s_exti$EXTI_SetTLISensitivity$38 ==.
                           0000E0   245 	XG$EXTI_SetTLISensitivity$0$0 ==.
      0000E0 32u00u00         [ 1]  246 	pop	_fp_
      0000E3 32u00u01         [ 1]  247 	pop	_fp_+1
      0000E6 81               [ 4]  248 	ret
                           0000E7   249 	Sstm8s_exti$EXTI_SetTLISensitivity$39 ==.
                           0000E7   250 	Sstm8s_exti$EXTI_GetExtIntSensitivity$40 ==.
                                    251 ;	StdPeriphLib/src/stm8s_exti.c: 126: EXTI_Sensitivity_TypeDef EXTI_GetExtIntSensitivity(EXTI_Port_TypeDef Port)
                                    252 ;	-----------------------------------------
                                    253 ;	 function EXTI_GetExtIntSensitivity
                                    254 ;	-----------------------------------------
      0000E7                        255 _EXTI_GetExtIntSensitivity:
      0000E7 3Bu00u01         [ 1]  256 	push	_fp_+1
      0000EA 3Bu00u00         [ 1]  257 	push	_fp_
      0000ED 90 96            [ 1]  258 	ldw	y, sp
      0000EF 90 CFu00u00      [ 2]  259 	ldw	_fp_, y
                           0000F3   260 	Sstm8s_exti$EXTI_GetExtIntSensitivity$41 ==.
                           0000F3   261 	Sstm8s_exti$EXTI_GetExtIntSensitivity$42 ==.
                                    262 ;	StdPeriphLib/src/stm8s_exti.c: 128: uint8_t value = 0;
      0000F3 4F               [ 1]  263 	clr	a
                           0000F4   264 	Sstm8s_exti$EXTI_GetExtIntSensitivity$43 ==.
                                    265 ;	StdPeriphLib/src/stm8s_exti.c: 133: switch (Port)
      0000F4 88               [ 1]  266 	push	a
      0000F5 7B 06            [ 1]  267 	ld	a, (0x06, sp)
      0000F7 A1 04            [ 1]  268 	cp	a, #0x04
      0000F9 84               [ 1]  269 	pop	a
      0000FA 23 03            [ 2]  270 	jrule	00113$
      0000FC CCr01r42         [ 2]  271 	jp	00107$
      0000FF                        272 00113$:
      0000FF 5F               [ 1]  273 	clrw	x
      000100 7B 05            [ 1]  274 	ld	a, (0x05, sp)
      000102 97               [ 1]  275 	ld	xl, a
      000103 58               [ 2]  276 	sllw	x
      000104 DEu01u08         [ 2]  277 	ldw	x, (#00114$, x)
      000107 FC               [ 2]  278 	jp	(x)
      000108                        279 00114$:
      000108r01r12                  280 	.dw	#00101$
      00010Ar01r1A                  281 	.dw	#00102$
      00010Cr01r24                  282 	.dw	#00103$
      00010Er01r2F                  283 	.dw	#00104$
      000110r01r3C                  284 	.dw	#00105$
                           000112   285 	Sstm8s_exti$EXTI_GetExtIntSensitivity$44 ==.
                                    286 ;	StdPeriphLib/src/stm8s_exti.c: 135: case EXTI_PORT_GPIOA:
      000112                        287 00101$:
                           000112   288 	Sstm8s_exti$EXTI_GetExtIntSensitivity$45 ==.
                                    289 ;	StdPeriphLib/src/stm8s_exti.c: 136: value = (uint8_t)(EXTI->CR1 & EXTI_CR1_PAIS);
      000112 AE 50 A0         [ 2]  290 	ldw	x, #0x50a0
      000115 F6               [ 1]  291 	ld	a, (x)
      000116 A4 03            [ 1]  292 	and	a, #0x03
                           000118   293 	Sstm8s_exti$EXTI_GetExtIntSensitivity$46 ==.
                                    294 ;	StdPeriphLib/src/stm8s_exti.c: 137: break;
      000118 20 28            [ 2]  295 	jra	00107$
                           00011A   296 	Sstm8s_exti$EXTI_GetExtIntSensitivity$47 ==.
                                    297 ;	StdPeriphLib/src/stm8s_exti.c: 138: case EXTI_PORT_GPIOB:
      00011A                        298 00102$:
                           00011A   299 	Sstm8s_exti$EXTI_GetExtIntSensitivity$48 ==.
                                    300 ;	StdPeriphLib/src/stm8s_exti.c: 139: value = (uint8_t)((uint8_t)(EXTI->CR1 & EXTI_CR1_PBIS) >> 2);
      00011A AE 50 A0         [ 2]  301 	ldw	x, #0x50a0
      00011D F6               [ 1]  302 	ld	a, (x)
      00011E A4 0C            [ 1]  303 	and	a, #0x0c
      000120 44               [ 1]  304 	srl	a
      000121 44               [ 1]  305 	srl	a
                           000122   306 	Sstm8s_exti$EXTI_GetExtIntSensitivity$49 ==.
                                    307 ;	StdPeriphLib/src/stm8s_exti.c: 140: break;
      000122 20 1E            [ 2]  308 	jra	00107$
                           000124   309 	Sstm8s_exti$EXTI_GetExtIntSensitivity$50 ==.
                                    310 ;	StdPeriphLib/src/stm8s_exti.c: 141: case EXTI_PORT_GPIOC:
      000124                        311 00103$:
                           000124   312 	Sstm8s_exti$EXTI_GetExtIntSensitivity$51 ==.
                                    313 ;	StdPeriphLib/src/stm8s_exti.c: 142: value = (uint8_t)((uint8_t)(EXTI->CR1 & EXTI_CR1_PCIS) >> 4);
      000124 AE 50 A0         [ 2]  314 	ldw	x, #0x50a0
      000127 F6               [ 1]  315 	ld	a, (x)
      000128 A4 30            [ 1]  316 	and	a, #0x30
      00012A 4E               [ 1]  317 	swap	a
      00012B A4 0F            [ 1]  318 	and	a, #0x0f
                           00012D   319 	Sstm8s_exti$EXTI_GetExtIntSensitivity$52 ==.
                                    320 ;	StdPeriphLib/src/stm8s_exti.c: 143: break;
      00012D 20 13            [ 2]  321 	jra	00107$
                           00012F   322 	Sstm8s_exti$EXTI_GetExtIntSensitivity$53 ==.
                                    323 ;	StdPeriphLib/src/stm8s_exti.c: 144: case EXTI_PORT_GPIOD:
      00012F                        324 00104$:
                           00012F   325 	Sstm8s_exti$EXTI_GetExtIntSensitivity$54 ==.
                                    326 ;	StdPeriphLib/src/stm8s_exti.c: 145: value = (uint8_t)((uint8_t)(EXTI->CR1 & EXTI_CR1_PDIS) >> 6);
      00012F AE 50 A0         [ 2]  327 	ldw	x, #0x50a0
      000132 F6               [ 1]  328 	ld	a, (x)
      000133 A4 C0            [ 1]  329 	and	a, #0xc0
      000135 4E               [ 1]  330 	swap	a
      000136 A4 0F            [ 1]  331 	and	a, #0x0f
      000138 44               [ 1]  332 	srl	a
      000139 44               [ 1]  333 	srl	a
                           00013A   334 	Sstm8s_exti$EXTI_GetExtIntSensitivity$55 ==.
                                    335 ;	StdPeriphLib/src/stm8s_exti.c: 146: break;
      00013A 20 06            [ 2]  336 	jra	00107$
                           00013C   337 	Sstm8s_exti$EXTI_GetExtIntSensitivity$56 ==.
                                    338 ;	StdPeriphLib/src/stm8s_exti.c: 147: case EXTI_PORT_GPIOE:
      00013C                        339 00105$:
                           00013C   340 	Sstm8s_exti$EXTI_GetExtIntSensitivity$57 ==.
                                    341 ;	StdPeriphLib/src/stm8s_exti.c: 148: value = (uint8_t)(EXTI->CR2 & EXTI_CR2_PEIS);
      00013C AE 50 A1         [ 2]  342 	ldw	x, #0x50a1
      00013F F6               [ 1]  343 	ld	a, (x)
      000140 A4 03            [ 1]  344 	and	a, #0x03
                           000142   345 	Sstm8s_exti$EXTI_GetExtIntSensitivity$58 ==.
                                    346 ;	StdPeriphLib/src/stm8s_exti.c: 152: }
      000142                        347 00107$:
                           000142   348 	Sstm8s_exti$EXTI_GetExtIntSensitivity$59 ==.
                                    349 ;	StdPeriphLib/src/stm8s_exti.c: 154: return((EXTI_Sensitivity_TypeDef)value);
                           000142   350 	Sstm8s_exti$EXTI_GetExtIntSensitivity$60 ==.
                                    351 ;	StdPeriphLib/src/stm8s_exti.c: 155: }
                           000142   352 	Sstm8s_exti$EXTI_GetExtIntSensitivity$61 ==.
                           000142   353 	XG$EXTI_GetExtIntSensitivity$0$0 ==.
      000142 32u00u00         [ 1]  354 	pop	_fp_
      000145 32u00u01         [ 1]  355 	pop	_fp_+1
      000148 81               [ 4]  356 	ret
                           000149   357 	Sstm8s_exti$EXTI_GetExtIntSensitivity$62 ==.
                           000149   358 	Sstm8s_exti$EXTI_GetTLISensitivity$63 ==.
                                    359 ;	StdPeriphLib/src/stm8s_exti.c: 162: EXTI_TLISensitivity_TypeDef EXTI_GetTLISensitivity(void)
                                    360 ;	-----------------------------------------
                                    361 ;	 function EXTI_GetTLISensitivity
                                    362 ;	-----------------------------------------
      000149                        363 _EXTI_GetTLISensitivity:
      000149 3Bu00u01         [ 1]  364 	push	_fp_+1
      00014C 3Bu00u00         [ 1]  365 	push	_fp_
      00014F 90 96            [ 1]  366 	ldw	y, sp
      000151 90 CFu00u00      [ 2]  367 	ldw	_fp_, y
                           000155   368 	Sstm8s_exti$EXTI_GetTLISensitivity$64 ==.
                           000155   369 	Sstm8s_exti$EXTI_GetTLISensitivity$65 ==.
                                    370 ;	StdPeriphLib/src/stm8s_exti.c: 167: value = (uint8_t)(EXTI->CR2 & EXTI_CR2_TLIS);
      000155 AE 50 A1         [ 2]  371 	ldw	x, #0x50a1
      000158 F6               [ 1]  372 	ld	a, (x)
      000159 A4 04            [ 1]  373 	and	a, #0x04
                           00015B   374 	Sstm8s_exti$EXTI_GetTLISensitivity$66 ==.
                                    375 ;	StdPeriphLib/src/stm8s_exti.c: 169: return((EXTI_TLISensitivity_TypeDef)value);
                           00015B   376 	Sstm8s_exti$EXTI_GetTLISensitivity$67 ==.
                                    377 ;	StdPeriphLib/src/stm8s_exti.c: 170: }
                           00015B   378 	Sstm8s_exti$EXTI_GetTLISensitivity$68 ==.
                           00015B   379 	XG$EXTI_GetTLISensitivity$0$0 ==.
      00015B 32u00u00         [ 1]  380 	pop	_fp_
      00015E 32u00u01         [ 1]  381 	pop	_fp_+1
      000161 81               [ 4]  382 	ret
                           000162   383 	Sstm8s_exti$EXTI_GetTLISensitivity$69 ==.
                                    384 	.area CODE
                                    385 	.area INITIALIZER
                                    386 	.area CABS (ABS)
                                    387 
                                    388 	.area .debug_line (NOLOAD)
      000000 00 00 02 9F            389 	.dw	0,Ldebug_line_end-Ldebug_line_start
      000004                        390 Ldebug_line_start:
      000004 00 02                  391 	.dw	2
      000006 00 00 01 19            392 	.dw	0,Ldebug_line_stmt-6-Ldebug_line_start
      00000A 01                     393 	.db	1
      00000B 01                     394 	.db	1
      00000C FB                     395 	.db	-5
      00000D 0F                     396 	.db	15
      00000E 0A                     397 	.db	10
      00000F 00                     398 	.db	0
      000010 01                     399 	.db	1
      000011 01                     400 	.db	1
      000012 01                     401 	.db	1
      000013 01                     402 	.db	1
      000014 00                     403 	.db	0
      000015 00                     404 	.db	0
      000016 00                     405 	.db	0
      000017 01                     406 	.db	1
      000018 2F 68 6F 6D 65 2F 63   407 	.ascii "/home/cas/software/stm8-binutils/bin/../share/sdcc/include/stm8"
             61 73 2F 73 6F 66 74
             77 61 72 65 2F 73 74
             6D 38 2D 62 69 6E 75
             74 69 6C 73 2F 62 69
             6E 2F 2E 2E 2F 73 68
             61 72 65 2F 73 64 63
             63 2F 69 6E 63 6C 75
             64 65 2F 73 74 6D 38
      000057 00                     408 	.db	0
      000058 2F 68 6F 6D 65 2F 63   409 	.ascii "/home/cas/software/stm8-binutils/share/sdcc/include/stm8"
             61 73 2F 73 6F 66 74
             77 61 72 65 2F 73 74
             6D 38 2D 62 69 6E 75
             74 69 6C 73 2F 73 68
             61 72 65 2F 73 64 63
             63 2F 69 6E 63 6C 75
             64 65 2F 73 74 6D 38
      000090 00                     410 	.db	0
      000091 2F 68 6F 6D 65 2F 63   411 	.ascii "/home/cas/software/stm8-binutils/bin/../share/sdcc/include"
             61 73 2F 73 6F 66 74
             77 61 72 65 2F 73 74
             6D 38 2D 62 69 6E 75
             74 69 6C 73 2F 62 69
             6E 2F 2E 2E 2F 73 68
             61 72 65 2F 73 64 63
             63 2F 69 6E 63 6C 75
             64 65
      0000CB 00                     412 	.db	0
      0000CC 2F 68 6F 6D 65 2F 63   413 	.ascii "/home/cas/software/stm8-binutils/share/sdcc/include"
             61 73 2F 73 6F 66 74
             77 61 72 65 2F 73 74
             6D 38 2D 62 69 6E 75
             74 69 6C 73 2F 73 68
             61 72 65 2F 73 64 63
             63 2F 69 6E 63 6C 75
             64 65
      0000FF 00                     414 	.db	0
      000100 00                     415 	.db	0
      000101 53 74 64 50 65 72 69   416 	.ascii "StdPeriphLib/src/stm8s_exti.c"
             70 68 4C 69 62 2F 73
             72 63 2F 73 74 6D 38
             73 5F 65 78 74 69 2E
             63
      00011E 00                     417 	.db	0
      00011F 00                     418 	.uleb128	0
      000120 00                     419 	.uleb128	0
      000121 00                     420 	.uleb128	0
      000122 00                     421 	.db	0
      000123                        422 Ldebug_line_stmt:
      000123 00                     423 	.db	0
      000124 05                     424 	.uleb128	5
      000125 02                     425 	.db	2
      000126 00 00r00r00            426 	.dw	0,(Sstm8s_exti$EXTI_DeInit$0)
      00012A 03                     427 	.db	3
      00012B 34                     428 	.sleb128	52
      00012C 01                     429 	.db	1
      00012D 09                     430 	.db	9
      00012E 00 0C                  431 	.dw	Sstm8s_exti$EXTI_DeInit$2-Sstm8s_exti$EXTI_DeInit$0
      000130 03                     432 	.db	3
      000131 02                     433 	.sleb128	2
      000132 01                     434 	.db	1
      000133 09                     435 	.db	9
      000134 00 04                  436 	.dw	Sstm8s_exti$EXTI_DeInit$3-Sstm8s_exti$EXTI_DeInit$2
      000136 03                     437 	.db	3
      000137 01                     438 	.sleb128	1
      000138 01                     439 	.db	1
      000139 09                     440 	.db	9
      00013A 00 04                  441 	.dw	Sstm8s_exti$EXTI_DeInit$4-Sstm8s_exti$EXTI_DeInit$3
      00013C 03                     442 	.db	3
      00013D 01                     443 	.sleb128	1
      00013E 01                     444 	.db	1
      00013F 09                     445 	.db	9
      000140 00 07                  446 	.dw	7+Sstm8s_exti$EXTI_DeInit$5-Sstm8s_exti$EXTI_DeInit$4
      000142 00                     447 	.db	0
      000143 01                     448 	.uleb128	1
      000144 01                     449 	.db	1
      000145 00                     450 	.db	0
      000146 05                     451 	.uleb128	5
      000147 02                     452 	.db	2
      000148 00 00r00r1B            453 	.dw	0,(Sstm8s_exti$EXTI_SetExtIntSensitivity$7)
      00014C 03                     454 	.db	3
      00014D C5 00                  455 	.sleb128	69
      00014F 01                     456 	.db	1
      000150 09                     457 	.db	9
      000151 00 0E                  458 	.dw	Sstm8s_exti$EXTI_SetExtIntSensitivity$9-Sstm8s_exti$EXTI_SetExtIntSensitivity$7
      000153 03                     459 	.db	3
      000154 07                     460 	.sleb128	7
      000155 01                     461 	.db	1
      000156 09                     462 	.db	9
      000157 00 1C                  463 	.dw	Sstm8s_exti$EXTI_SetExtIntSensitivity$10-Sstm8s_exti$EXTI_SetExtIntSensitivity$9
      000159 03                     464 	.db	3
      00015A 02                     465 	.sleb128	2
      00015B 01                     466 	.db	1
      00015C 09                     467 	.db	9
      00015D 00 00                  468 	.dw	Sstm8s_exti$EXTI_SetExtIntSensitivity$11-Sstm8s_exti$EXTI_SetExtIntSensitivity$10
      00015F 03                     469 	.db	3
      000160 01                     470 	.sleb128	1
      000161 01                     471 	.db	1
      000162 09                     472 	.db	9
      000163 00 07                  473 	.dw	Sstm8s_exti$EXTI_SetExtIntSensitivity$12-Sstm8s_exti$EXTI_SetExtIntSensitivity$11
      000165 03                     474 	.db	3
      000166 01                     475 	.sleb128	1
      000167 01                     476 	.db	1
      000168 09                     477 	.db	9
      000169 00 0A                  478 	.dw	Sstm8s_exti$EXTI_SetExtIntSensitivity$13-Sstm8s_exti$EXTI_SetExtIntSensitivity$12
      00016B 03                     479 	.db	3
      00016C 01                     480 	.sleb128	1
      00016D 01                     481 	.db	1
      00016E 09                     482 	.db	9
      00016F 00 03                  483 	.dw	Sstm8s_exti$EXTI_SetExtIntSensitivity$14-Sstm8s_exti$EXTI_SetExtIntSensitivity$13
      000171 03                     484 	.db	3
      000172 01                     485 	.sleb128	1
      000173 01                     486 	.db	1
      000174 09                     487 	.db	9
      000175 00 00                  488 	.dw	Sstm8s_exti$EXTI_SetExtIntSensitivity$15-Sstm8s_exti$EXTI_SetExtIntSensitivity$14
      000177 03                     489 	.db	3
      000178 01                     490 	.sleb128	1
      000179 01                     491 	.db	1
      00017A 09                     492 	.db	9
      00017B 00 07                  493 	.dw	Sstm8s_exti$EXTI_SetExtIntSensitivity$16-Sstm8s_exti$EXTI_SetExtIntSensitivity$15
      00017D 03                     494 	.db	3
      00017E 01                     495 	.sleb128	1
      00017F 01                     496 	.db	1
      000180 09                     497 	.db	9
      000181 00 10                  498 	.dw	Sstm8s_exti$EXTI_SetExtIntSensitivity$17-Sstm8s_exti$EXTI_SetExtIntSensitivity$16
      000183 03                     499 	.db	3
      000184 01                     500 	.sleb128	1
      000185 01                     501 	.db	1
      000186 09                     502 	.db	9
      000187 00 03                  503 	.dw	Sstm8s_exti$EXTI_SetExtIntSensitivity$18-Sstm8s_exti$EXTI_SetExtIntSensitivity$17
      000189 03                     504 	.db	3
      00018A 01                     505 	.sleb128	1
      00018B 01                     506 	.db	1
      00018C 09                     507 	.db	9
      00018D 00 00                  508 	.dw	Sstm8s_exti$EXTI_SetExtIntSensitivity$19-Sstm8s_exti$EXTI_SetExtIntSensitivity$18
      00018F 03                     509 	.db	3
      000190 01                     510 	.sleb128	1
      000191 01                     511 	.db	1
      000192 09                     512 	.db	9
      000193 00 07                  513 	.dw	Sstm8s_exti$EXTI_SetExtIntSensitivity$20-Sstm8s_exti$EXTI_SetExtIntSensitivity$19
      000195 03                     514 	.db	3
      000196 01                     515 	.sleb128	1
      000197 01                     516 	.db	1
      000198 09                     517 	.db	9
      000199 00 11                  518 	.dw	Sstm8s_exti$EXTI_SetExtIntSensitivity$21-Sstm8s_exti$EXTI_SetExtIntSensitivity$20
      00019B 03                     519 	.db	3
      00019C 01                     520 	.sleb128	1
      00019D 01                     521 	.db	1
      00019E 09                     522 	.db	9
      00019F 00 02                  523 	.dw	Sstm8s_exti$EXTI_SetExtIntSensitivity$22-Sstm8s_exti$EXTI_SetExtIntSensitivity$21
      0001A1 03                     524 	.db	3
      0001A2 01                     525 	.sleb128	1
      0001A3 01                     526 	.db	1
      0001A4 09                     527 	.db	9
      0001A5 00 00                  528 	.dw	Sstm8s_exti$EXTI_SetExtIntSensitivity$23-Sstm8s_exti$EXTI_SetExtIntSensitivity$22
      0001A7 03                     529 	.db	3
      0001A8 01                     530 	.sleb128	1
      0001A9 01                     531 	.db	1
      0001AA 09                     532 	.db	9
      0001AB 00 07                  533 	.dw	Sstm8s_exti$EXTI_SetExtIntSensitivity$24-Sstm8s_exti$EXTI_SetExtIntSensitivity$23
      0001AD 03                     534 	.db	3
      0001AE 01                     535 	.sleb128	1
      0001AF 01                     536 	.db	1
      0001B0 09                     537 	.db	9
      0001B1 00 13                  538 	.dw	Sstm8s_exti$EXTI_SetExtIntSensitivity$25-Sstm8s_exti$EXTI_SetExtIntSensitivity$24
      0001B3 03                     539 	.db	3
      0001B4 01                     540 	.sleb128	1
      0001B5 01                     541 	.db	1
      0001B6 09                     542 	.db	9
      0001B7 00 02                  543 	.dw	Sstm8s_exti$EXTI_SetExtIntSensitivity$26-Sstm8s_exti$EXTI_SetExtIntSensitivity$25
      0001B9 03                     544 	.db	3
      0001BA 01                     545 	.sleb128	1
      0001BB 01                     546 	.db	1
      0001BC 09                     547 	.db	9
      0001BD 00 00                  548 	.dw	Sstm8s_exti$EXTI_SetExtIntSensitivity$27-Sstm8s_exti$EXTI_SetExtIntSensitivity$26
      0001BF 03                     549 	.db	3
      0001C0 01                     550 	.sleb128	1
      0001C1 01                     551 	.db	1
      0001C2 09                     552 	.db	9
      0001C3 00 07                  553 	.dw	Sstm8s_exti$EXTI_SetExtIntSensitivity$28-Sstm8s_exti$EXTI_SetExtIntSensitivity$27
      0001C5 03                     554 	.db	3
      0001C6 01                     555 	.sleb128	1
      0001C7 01                     556 	.db	1
      0001C8 09                     557 	.db	9
      0001C9 00 0A                  558 	.dw	Sstm8s_exti$EXTI_SetExtIntSensitivity$29-Sstm8s_exti$EXTI_SetExtIntSensitivity$28
      0001CB 03                     559 	.db	3
      0001CC 04                     560 	.sleb128	4
      0001CD 01                     561 	.db	1
      0001CE 09                     562 	.db	9
      0001CF 00 00                  563 	.dw	Sstm8s_exti$EXTI_SetExtIntSensitivity$30-Sstm8s_exti$EXTI_SetExtIntSensitivity$29
      0001D1 03                     564 	.db	3
      0001D2 01                     565 	.sleb128	1
      0001D3 01                     566 	.db	1
      0001D4 09                     567 	.db	9
      0001D5 00 09                  568 	.dw	7+Sstm8s_exti$EXTI_SetExtIntSensitivity$31-Sstm8s_exti$EXTI_SetExtIntSensitivity$30
      0001D7 00                     569 	.db	0
      0001D8 01                     570 	.uleb128	1
      0001D9 01                     571 	.db	1
      0001DA 00                     572 	.db	0
      0001DB 05                     573 	.uleb128	5
      0001DC 02                     574 	.db	2
      0001DD 00 00r00rC3            575 	.dw	0,(Sstm8s_exti$EXTI_SetTLISensitivity$33)
      0001E1 03                     576 	.db	3
      0001E2 EE 00                  577 	.sleb128	110
      0001E4 01                     578 	.db	1
      0001E5 09                     579 	.db	9
      0001E6 00 0C                  580 	.dw	Sstm8s_exti$EXTI_SetTLISensitivity$35-Sstm8s_exti$EXTI_SetTLISensitivity$33
      0001E8 03                     581 	.db	3
      0001E9 06                     582 	.sleb128	6
      0001EA 01                     583 	.db	1
      0001EB 09                     584 	.db	9
      0001EC 00 07                  585 	.dw	Sstm8s_exti$EXTI_SetTLISensitivity$36-Sstm8s_exti$EXTI_SetTLISensitivity$35
      0001EE 03                     586 	.db	3
      0001EF 01                     587 	.sleb128	1
      0001F0 01                     588 	.db	1
      0001F1 09                     589 	.db	9
      0001F2 00 0A                  590 	.dw	Sstm8s_exti$EXTI_SetTLISensitivity$37-Sstm8s_exti$EXTI_SetTLISensitivity$36
      0001F4 03                     591 	.db	3
      0001F5 01                     592 	.sleb128	1
      0001F6 01                     593 	.db	1
      0001F7 09                     594 	.db	9
      0001F8 00 07                  595 	.dw	7+Sstm8s_exti$EXTI_SetTLISensitivity$38-Sstm8s_exti$EXTI_SetTLISensitivity$37
      0001FA 00                     596 	.db	0
      0001FB 01                     597 	.uleb128	1
      0001FC 01                     598 	.db	1
      0001FD 00                     599 	.db	0
      0001FE 05                     600 	.uleb128	5
      0001FF 02                     601 	.db	2
      000200 00 00r00rE7            602 	.dw	0,(Sstm8s_exti$EXTI_GetExtIntSensitivity$40)
      000204 03                     603 	.db	3
      000205 FD 00                  604 	.sleb128	125
      000207 01                     605 	.db	1
      000208 09                     606 	.db	9
      000209 00 0C                  607 	.dw	Sstm8s_exti$EXTI_GetExtIntSensitivity$42-Sstm8s_exti$EXTI_GetExtIntSensitivity$40
      00020B 03                     608 	.db	3
      00020C 02                     609 	.sleb128	2
      00020D 01                     610 	.db	1
      00020E 09                     611 	.db	9
      00020F 00 01                  612 	.dw	Sstm8s_exti$EXTI_GetExtIntSensitivity$43-Sstm8s_exti$EXTI_GetExtIntSensitivity$42
      000211 03                     613 	.db	3
      000212 05                     614 	.sleb128	5
      000213 01                     615 	.db	1
      000214 09                     616 	.db	9
      000215 00 1E                  617 	.dw	Sstm8s_exti$EXTI_GetExtIntSensitivity$44-Sstm8s_exti$EXTI_GetExtIntSensitivity$43
      000217 03                     618 	.db	3
      000218 02                     619 	.sleb128	2
      000219 01                     620 	.db	1
      00021A 09                     621 	.db	9
      00021B 00 00                  622 	.dw	Sstm8s_exti$EXTI_GetExtIntSensitivity$45-Sstm8s_exti$EXTI_GetExtIntSensitivity$44
      00021D 03                     623 	.db	3
      00021E 01                     624 	.sleb128	1
      00021F 01                     625 	.db	1
      000220 09                     626 	.db	9
      000221 00 06                  627 	.dw	Sstm8s_exti$EXTI_GetExtIntSensitivity$46-Sstm8s_exti$EXTI_GetExtIntSensitivity$45
      000223 03                     628 	.db	3
      000224 01                     629 	.sleb128	1
      000225 01                     630 	.db	1
      000226 09                     631 	.db	9
      000227 00 02                  632 	.dw	Sstm8s_exti$EXTI_GetExtIntSensitivity$47-Sstm8s_exti$EXTI_GetExtIntSensitivity$46
      000229 03                     633 	.db	3
      00022A 01                     634 	.sleb128	1
      00022B 01                     635 	.db	1
      00022C 09                     636 	.db	9
      00022D 00 00                  637 	.dw	Sstm8s_exti$EXTI_GetExtIntSensitivity$48-Sstm8s_exti$EXTI_GetExtIntSensitivity$47
      00022F 03                     638 	.db	3
      000230 01                     639 	.sleb128	1
      000231 01                     640 	.db	1
      000232 09                     641 	.db	9
      000233 00 08                  642 	.dw	Sstm8s_exti$EXTI_GetExtIntSensitivity$49-Sstm8s_exti$EXTI_GetExtIntSensitivity$48
      000235 03                     643 	.db	3
      000236 01                     644 	.sleb128	1
      000237 01                     645 	.db	1
      000238 09                     646 	.db	9
      000239 00 02                  647 	.dw	Sstm8s_exti$EXTI_GetExtIntSensitivity$50-Sstm8s_exti$EXTI_GetExtIntSensitivity$49
      00023B 03                     648 	.db	3
      00023C 01                     649 	.sleb128	1
      00023D 01                     650 	.db	1
      00023E 09                     651 	.db	9
      00023F 00 00                  652 	.dw	Sstm8s_exti$EXTI_GetExtIntSensitivity$51-Sstm8s_exti$EXTI_GetExtIntSensitivity$50
      000241 03                     653 	.db	3
      000242 01                     654 	.sleb128	1
      000243 01                     655 	.db	1
      000244 09                     656 	.db	9
      000245 00 09                  657 	.dw	Sstm8s_exti$EXTI_GetExtIntSensitivity$52-Sstm8s_exti$EXTI_GetExtIntSensitivity$51
      000247 03                     658 	.db	3
      000248 01                     659 	.sleb128	1
      000249 01                     660 	.db	1
      00024A 09                     661 	.db	9
      00024B 00 02                  662 	.dw	Sstm8s_exti$EXTI_GetExtIntSensitivity$53-Sstm8s_exti$EXTI_GetExtIntSensitivity$52
      00024D 03                     663 	.db	3
      00024E 01                     664 	.sleb128	1
      00024F 01                     665 	.db	1
      000250 09                     666 	.db	9
      000251 00 00                  667 	.dw	Sstm8s_exti$EXTI_GetExtIntSensitivity$54-Sstm8s_exti$EXTI_GetExtIntSensitivity$53
      000253 03                     668 	.db	3
      000254 01                     669 	.sleb128	1
      000255 01                     670 	.db	1
      000256 09                     671 	.db	9
      000257 00 0B                  672 	.dw	Sstm8s_exti$EXTI_GetExtIntSensitivity$55-Sstm8s_exti$EXTI_GetExtIntSensitivity$54
      000259 03                     673 	.db	3
      00025A 01                     674 	.sleb128	1
      00025B 01                     675 	.db	1
      00025C 09                     676 	.db	9
      00025D 00 02                  677 	.dw	Sstm8s_exti$EXTI_GetExtIntSensitivity$56-Sstm8s_exti$EXTI_GetExtIntSensitivity$55
      00025F 03                     678 	.db	3
      000260 01                     679 	.sleb128	1
      000261 01                     680 	.db	1
      000262 09                     681 	.db	9
      000263 00 00                  682 	.dw	Sstm8s_exti$EXTI_GetExtIntSensitivity$57-Sstm8s_exti$EXTI_GetExtIntSensitivity$56
      000265 03                     683 	.db	3
      000266 01                     684 	.sleb128	1
      000267 01                     685 	.db	1
      000268 09                     686 	.db	9
      000269 00 06                  687 	.dw	Sstm8s_exti$EXTI_GetExtIntSensitivity$58-Sstm8s_exti$EXTI_GetExtIntSensitivity$57
      00026B 03                     688 	.db	3
      00026C 04                     689 	.sleb128	4
      00026D 01                     690 	.db	1
      00026E 09                     691 	.db	9
      00026F 00 00                  692 	.dw	Sstm8s_exti$EXTI_GetExtIntSensitivity$59-Sstm8s_exti$EXTI_GetExtIntSensitivity$58
      000271 03                     693 	.db	3
      000272 02                     694 	.sleb128	2
      000273 01                     695 	.db	1
      000274 09                     696 	.db	9
      000275 00 00                  697 	.dw	Sstm8s_exti$EXTI_GetExtIntSensitivity$60-Sstm8s_exti$EXTI_GetExtIntSensitivity$59
      000277 03                     698 	.db	3
      000278 01                     699 	.sleb128	1
      000279 01                     700 	.db	1
      00027A 09                     701 	.db	9
      00027B 00 07                  702 	.dw	7+Sstm8s_exti$EXTI_GetExtIntSensitivity$61-Sstm8s_exti$EXTI_GetExtIntSensitivity$60
      00027D 00                     703 	.db	0
      00027E 01                     704 	.uleb128	1
      00027F 01                     705 	.db	1
      000280 00                     706 	.db	0
      000281 05                     707 	.uleb128	5
      000282 02                     708 	.db	2
      000283 00 00r01r49            709 	.dw	0,(Sstm8s_exti$EXTI_GetTLISensitivity$63)
      000287 03                     710 	.db	3
      000288 A1 01                  711 	.sleb128	161
      00028A 01                     712 	.db	1
      00028B 09                     713 	.db	9
      00028C 00 0C                  714 	.dw	Sstm8s_exti$EXTI_GetTLISensitivity$65-Sstm8s_exti$EXTI_GetTLISensitivity$63
      00028E 03                     715 	.db	3
      00028F 05                     716 	.sleb128	5
      000290 01                     717 	.db	1
      000291 09                     718 	.db	9
      000292 00 06                  719 	.dw	Sstm8s_exti$EXTI_GetTLISensitivity$66-Sstm8s_exti$EXTI_GetTLISensitivity$65
      000294 03                     720 	.db	3
      000295 02                     721 	.sleb128	2
      000296 01                     722 	.db	1
      000297 09                     723 	.db	9
      000298 00 00                  724 	.dw	Sstm8s_exti$EXTI_GetTLISensitivity$67-Sstm8s_exti$EXTI_GetTLISensitivity$66
      00029A 03                     725 	.db	3
      00029B 01                     726 	.sleb128	1
      00029C 01                     727 	.db	1
      00029D 09                     728 	.db	9
      00029E 00 07                  729 	.dw	7+Sstm8s_exti$EXTI_GetTLISensitivity$68-Sstm8s_exti$EXTI_GetTLISensitivity$67
      0002A0 00                     730 	.db	0
      0002A1 01                     731 	.uleb128	1
      0002A2 01                     732 	.db	1
      0002A3                        733 Ldebug_line_end:
                                    734 
                                    735 	.area .debug_loc (NOLOAD)
      000000                        736 Ldebug_loc_start:
      000000 00 00r01r55            737 	.dw	0,(Sstm8s_exti$EXTI_GetTLISensitivity$64)
      000004 00 00r01r62            738 	.dw	0,(Sstm8s_exti$EXTI_GetTLISensitivity$69)
      000008 00 02                  739 	.dw	2
      00000A 8F                     740 	.db	143
      00000B 01                     741 	.sleb128	1
      00000C 00 00 00 00            742 	.dw	0,0
      000010 00 00 00 00            743 	.dw	0,0
      000014 00 00r00rF3            744 	.dw	0,(Sstm8s_exti$EXTI_GetExtIntSensitivity$41)
      000018 00 00r01r49            745 	.dw	0,(Sstm8s_exti$EXTI_GetExtIntSensitivity$62)
      00001C 00 02                  746 	.dw	2
      00001E 8F                     747 	.db	143
      00001F 01                     748 	.sleb128	1
      000020 00 00 00 00            749 	.dw	0,0
      000024 00 00 00 00            750 	.dw	0,0
      000028 00 00r00rCF            751 	.dw	0,(Sstm8s_exti$EXTI_SetTLISensitivity$34)
      00002C 00 00r00rE7            752 	.dw	0,(Sstm8s_exti$EXTI_SetTLISensitivity$39)
      000030 00 02                  753 	.dw	2
      000032 8F                     754 	.db	143
      000033 01                     755 	.sleb128	1
      000034 00 00 00 00            756 	.dw	0,0
      000038 00 00 00 00            757 	.dw	0,0
      00003C 00 00r00r27            758 	.dw	0,(Sstm8s_exti$EXTI_SetExtIntSensitivity$8)
      000040 00 00r00rC3            759 	.dw	0,(Sstm8s_exti$EXTI_SetExtIntSensitivity$32)
      000044 00 02                  760 	.dw	2
      000046 8F                     761 	.db	143
      000047 01                     762 	.sleb128	1
      000048 00 00 00 00            763 	.dw	0,0
      00004C 00 00 00 00            764 	.dw	0,0
      000050 00 00r00r0C            765 	.dw	0,(Sstm8s_exti$EXTI_DeInit$1)
      000054 00 00r00r1B            766 	.dw	0,(Sstm8s_exti$EXTI_DeInit$6)
      000058 00 02                  767 	.dw	2
      00005A 8F                     768 	.db	143
      00005B 01                     769 	.sleb128	1
      00005C 00 00 00 00            770 	.dw	0,0
      000060 00 00 00 00            771 	.dw	0,0
                                    772 
                                    773 	.area .debug_abbrev (NOLOAD)
      000000                        774 Ldebug_abbrev:
      000000 05                     775 	.uleb128	5
      000001 0B                     776 	.uleb128	11
      000002 00                     777 	.db	0
      000003 00                     778 	.uleb128	0
      000004 00                     779 	.uleb128	0
      000005 09                     780 	.uleb128	9
      000006 2E                     781 	.uleb128	46
      000007 01                     782 	.db	1
      000008 03                     783 	.uleb128	3
      000009 08                     784 	.uleb128	8
      00000A 11                     785 	.uleb128	17
      00000B 01                     786 	.uleb128	1
      00000C 12                     787 	.uleb128	18
      00000D 01                     788 	.uleb128	1
      00000E 3F                     789 	.uleb128	63
      00000F 0C                     790 	.uleb128	12
      000010 40                     791 	.uleb128	64
      000011 06                     792 	.uleb128	6
      000012 49                     793 	.uleb128	73
      000013 13                     794 	.uleb128	19
      000014 00                     795 	.uleb128	0
      000015 00                     796 	.uleb128	0
      000016 04                     797 	.uleb128	4
      000017 05                     798 	.uleb128	5
      000018 00                     799 	.db	0
      000019 02                     800 	.uleb128	2
      00001A 0A                     801 	.uleb128	10
      00001B 03                     802 	.uleb128	3
      00001C 08                     803 	.uleb128	8
      00001D 49                     804 	.uleb128	73
      00001E 13                     805 	.uleb128	19
      00001F 00                     806 	.uleb128	0
      000020 00                     807 	.uleb128	0
      000021 03                     808 	.uleb128	3
      000022 2E                     809 	.uleb128	46
      000023 01                     810 	.db	1
      000024 01                     811 	.uleb128	1
      000025 13                     812 	.uleb128	19
      000026 03                     813 	.uleb128	3
      000027 08                     814 	.uleb128	8
      000028 11                     815 	.uleb128	17
      000029 01                     816 	.uleb128	1
      00002A 12                     817 	.uleb128	18
      00002B 01                     818 	.uleb128	1
      00002C 3F                     819 	.uleb128	63
      00002D 0C                     820 	.uleb128	12
      00002E 40                     821 	.uleb128	64
      00002F 06                     822 	.uleb128	6
      000030 00                     823 	.uleb128	0
      000031 00                     824 	.uleb128	0
      000032 08                     825 	.uleb128	8
      000033 34                     826 	.uleb128	52
      000034 00                     827 	.db	0
      000035 02                     828 	.uleb128	2
      000036 0A                     829 	.uleb128	10
      000037 03                     830 	.uleb128	3
      000038 08                     831 	.uleb128	8
      000039 49                     832 	.uleb128	73
      00003A 13                     833 	.uleb128	19
      00003B 00                     834 	.uleb128	0
      00003C 00                     835 	.uleb128	0
      00003D 07                     836 	.uleb128	7
      00003E 2E                     837 	.uleb128	46
      00003F 01                     838 	.db	1
      000040 01                     839 	.uleb128	1
      000041 13                     840 	.uleb128	19
      000042 03                     841 	.uleb128	3
      000043 08                     842 	.uleb128	8
      000044 11                     843 	.uleb128	17
      000045 01                     844 	.uleb128	1
      000046 12                     845 	.uleb128	18
      000047 01                     846 	.uleb128	1
      000048 3F                     847 	.uleb128	63
      000049 0C                     848 	.uleb128	12
      00004A 40                     849 	.uleb128	64
      00004B 06                     850 	.uleb128	6
      00004C 49                     851 	.uleb128	73
      00004D 13                     852 	.uleb128	19
      00004E 00                     853 	.uleb128	0
      00004F 00                     854 	.uleb128	0
      000050 01                     855 	.uleb128	1
      000051 11                     856 	.uleb128	17
      000052 01                     857 	.db	1
      000053 03                     858 	.uleb128	3
      000054 08                     859 	.uleb128	8
      000055 10                     860 	.uleb128	16
      000056 06                     861 	.uleb128	6
      000057 13                     862 	.uleb128	19
      000058 0B                     863 	.uleb128	11
      000059 25                     864 	.uleb128	37
      00005A 08                     865 	.uleb128	8
      00005B 00                     866 	.uleb128	0
      00005C 00                     867 	.uleb128	0
      00005D 02                     868 	.uleb128	2
      00005E 2E                     869 	.uleb128	46
      00005F 00                     870 	.db	0
      000060 03                     871 	.uleb128	3
      000061 08                     872 	.uleb128	8
      000062 11                     873 	.uleb128	17
      000063 01                     874 	.uleb128	1
      000064 12                     875 	.uleb128	18
      000065 01                     876 	.uleb128	1
      000066 3F                     877 	.uleb128	63
      000067 0C                     878 	.uleb128	12
      000068 40                     879 	.uleb128	64
      000069 06                     880 	.uleb128	6
      00006A 00                     881 	.uleb128	0
      00006B 00                     882 	.uleb128	0
      00006C 06                     883 	.uleb128	6
      00006D 24                     884 	.uleb128	36
      00006E 00                     885 	.db	0
      00006F 03                     886 	.uleb128	3
      000070 08                     887 	.uleb128	8
      000071 0B                     888 	.uleb128	11
      000072 0B                     889 	.uleb128	11
      000073 3E                     890 	.uleb128	62
      000074 0B                     891 	.uleb128	11
      000075 00                     892 	.uleb128	0
      000076 00                     893 	.uleb128	0
      000077 00                     894 	.uleb128	0
                                    895 
                                    896 	.area .debug_info (NOLOAD)
      000000 00 00 01 8C            897 	.dw	0,Ldebug_info_end-Ldebug_info_start
      000004                        898 Ldebug_info_start:
      000004 00 02                  899 	.dw	2
      000006 00 00r00r00            900 	.dw	0,(Ldebug_abbrev)
      00000A 04                     901 	.db	4
      00000B 01                     902 	.uleb128	1
      00000C 53 74 64 50 65 72 69   903 	.ascii "StdPeriphLib/src/stm8s_exti.c"
             70 68 4C 69 62 2F 73
             72 63 2F 73 74 6D 38
             73 5F 65 78 74 69 2E
             63
      000029 00                     904 	.db	0
      00002A 00 00r00r00            905 	.dw	0,(Ldebug_line_start+-4)
      00002E 01                     906 	.db	1
      00002F 53 44 43 43 20 76 65   907 	.ascii "SDCC version 3.6.0 #9615"
             72 73 69 6F 6E 20 33
             2E 36 2E 30 20 23 39
             36 31 35
      000047 00                     908 	.db	0
      000048 02                     909 	.uleb128	2
      000049 45 58 54 49 5F 44 65   910 	.ascii "EXTI_DeInit"
             49 6E 69 74
      000054 00                     911 	.db	0
      000055 00 00r00r00            912 	.dw	0,(_EXTI_DeInit)
      000059 00 00r00r1B            913 	.dw	0,(XG$EXTI_DeInit$0$0+7)
      00005D 01                     914 	.db	1
      00005E 00 00r00r50            915 	.dw	0,(Ldebug_loc_start+80)
      000062 03                     916 	.uleb128	3
      000063 00 00 00 B6            917 	.dw	0,182
      000067 45 58 54 49 5F 53 65   918 	.ascii "EXTI_SetExtIntSensitivity"
             74 45 78 74 49 6E 74
             53 65 6E 73 69 74 69
             76 69 74 79
      000080 00                     919 	.db	0
      000081 00 00r00r1B            920 	.dw	0,(_EXTI_SetExtIntSensitivity)
      000085 00 00r00rC3            921 	.dw	0,(XG$EXTI_SetExtIntSensitivity$0$0+7)
      000089 01                     922 	.db	1
      00008A 00 00r00r3C            923 	.dw	0,(Ldebug_loc_start+60)
      00008E 04                     924 	.uleb128	4
      00008F 02                     925 	.db	2
      000090 91                     926 	.db	145
      000091 04                     927 	.sleb128	4
      000092 50 6F 72 74            928 	.ascii "Port"
      000096 00                     929 	.db	0
      000097 00 00 00 B6            930 	.dw	0,182
      00009B 04                     931 	.uleb128	4
      00009C 02                     932 	.db	2
      00009D 91                     933 	.db	145
      00009E 05                     934 	.sleb128	5
      00009F 53 65 6E 73 69 74 69   935 	.ascii "SensitivityValue"
             76 69 74 79 56 61 6C
             75 65
      0000AF 00                     936 	.db	0
      0000B0 00 00 00 B6            937 	.dw	0,182
      0000B4 05                     938 	.uleb128	5
      0000B5 00                     939 	.uleb128	0
      0000B6 06                     940 	.uleb128	6
      0000B7 75 6E 73 69 67 6E 65   941 	.ascii "unsigned char"
             64 20 63 68 61 72
      0000C4 00                     942 	.db	0
      0000C5 01                     943 	.db	1
      0000C6 08                     944 	.db	8
      0000C7 03                     945 	.uleb128	3
      0000C8 00 00 01 0A            946 	.dw	0,266
      0000CC 45 58 54 49 5F 53 65   947 	.ascii "EXTI_SetTLISensitivity"
             74 54 4C 49 53 65 6E
             73 69 74 69 76 69 74
             79
      0000E2 00                     948 	.db	0
      0000E3 00 00r00rC3            949 	.dw	0,(_EXTI_SetTLISensitivity)
      0000E7 00 00r00rE7            950 	.dw	0,(XG$EXTI_SetTLISensitivity$0$0+7)
      0000EB 01                     951 	.db	1
      0000EC 00 00r00r28            952 	.dw	0,(Ldebug_loc_start+40)
      0000F0 04                     953 	.uleb128	4
      0000F1 02                     954 	.db	2
      0000F2 91                     955 	.db	145
      0000F3 04                     956 	.sleb128	4
      0000F4 53 65 6E 73 69 74 69   957 	.ascii "SensitivityValue"
             76 69 74 79 56 61 6C
             75 65
      000104 00                     958 	.db	0
      000105 00 00 00 B6            959 	.dw	0,182
      000109 00                     960 	.uleb128	0
      00010A 07                     961 	.uleb128	7
      00010B 00 00 01 56            962 	.dw	0,342
      00010F 45 58 54 49 5F 47 65   963 	.ascii "EXTI_GetExtIntSensitivity"
             74 45 78 74 49 6E 74
             53 65 6E 73 69 74 69
             76 69 74 79
      000128 00                     964 	.db	0
      000129 00 00r00rE7            965 	.dw	0,(_EXTI_GetExtIntSensitivity)
      00012D 00 00r01r49            966 	.dw	0,(XG$EXTI_GetExtIntSensitivity$0$0+7)
      000131 01                     967 	.db	1
      000132 00 00r00r14            968 	.dw	0,(Ldebug_loc_start+20)
      000136 00 00 00 B6            969 	.dw	0,182
      00013A 04                     970 	.uleb128	4
      00013B 02                     971 	.db	2
      00013C 91                     972 	.db	145
      00013D 04                     973 	.sleb128	4
      00013E 50 6F 72 74            974 	.ascii "Port"
      000142 00                     975 	.db	0
      000143 00 00 00 B6            976 	.dw	0,182
      000147 05                     977 	.uleb128	5
      000148 08                     978 	.uleb128	8
      000149 01                     979 	.db	1
      00014A 51                     980 	.db	81
      00014B 76 61 6C 75 65         981 	.ascii "value"
      000150 00                     982 	.db	0
      000151 00 00 00 B6            983 	.dw	0,182
      000155 00                     984 	.uleb128	0
      000156 09                     985 	.uleb128	9
      000157 45 58 54 49 5F 47 65   986 	.ascii "EXTI_GetTLISensitivity"
             74 54 4C 49 53 65 6E
             73 69 74 69 76 69 74
             79
      00016D 00                     987 	.db	0
      00016E 00 00r01r49            988 	.dw	0,(_EXTI_GetTLISensitivity)
      000172 00 00r01r62            989 	.dw	0,(XG$EXTI_GetTLISensitivity$0$0+7)
      000176 01                     990 	.db	1
      000177 00 00r00r00            991 	.dw	0,(Ldebug_loc_start)
      00017B 00 00 00 B6            992 	.dw	0,182
      00017F 08                     993 	.uleb128	8
      000180 01                     994 	.db	1
      000181 51                     995 	.db	81
      000182 76 61 6C 75 65         996 	.ascii "value"
      000187 00                     997 	.db	0
      000188 00 00 00 B6            998 	.dw	0,182
      00018C 00                     999 	.uleb128	0
      00018D 00                    1000 	.uleb128	0
      00018E 00                    1001 	.uleb128	0
      00018F 00                    1002 	.uleb128	0
      000190                       1003 Ldebug_info_end:
                                   1004 
                                   1005 	.area .debug_pubnames (NOLOAD)
      000000 00 00 00 90           1006 	.dw	0,Ldebug_pubnames_end-Ldebug_pubnames_start
      000004                       1007 Ldebug_pubnames_start:
      000004 00 02                 1008 	.dw	2
      000006 00 00r00r00           1009 	.dw	0,(Ldebug_info_start-4)
      00000A 00 00 01 90           1010 	.dw	0,4+Ldebug_info_end-Ldebug_info_start
      00000E 00 00 00 48           1011 	.dw	0,72
      000012 45 58 54 49 5F 44 65  1012 	.ascii "EXTI_DeInit"
             49 6E 69 74
      00001D 00                    1013 	.db	0
      00001E 00 00 00 62           1014 	.dw	0,98
      000022 45 58 54 49 5F 53 65  1015 	.ascii "EXTI_SetExtIntSensitivity"
             74 45 78 74 49 6E 74
             53 65 6E 73 69 74 69
             76 69 74 79
      00003B 00                    1016 	.db	0
      00003C 00 00 00 C7           1017 	.dw	0,199
      000040 45 58 54 49 5F 53 65  1018 	.ascii "EXTI_SetTLISensitivity"
             74 54 4C 49 53 65 6E
             73 69 74 69 76 69 74
             79
      000056 00                    1019 	.db	0
      000057 00 00 01 0A           1020 	.dw	0,266
      00005B 45 58 54 49 5F 47 65  1021 	.ascii "EXTI_GetExtIntSensitivity"
             74 45 78 74 49 6E 74
             53 65 6E 73 69 74 69
             76 69 74 79
      000074 00                    1022 	.db	0
      000075 00 00 01 56           1023 	.dw	0,342
      000079 45 58 54 49 5F 47 65  1024 	.ascii "EXTI_GetTLISensitivity"
             74 54 4C 49 53 65 6E
             73 69 74 69 76 69 74
             79
      00008F 00                    1025 	.db	0
      000090 00 00 00 00           1026 	.dw	0,0
      000094                       1027 Ldebug_pubnames_end:
                                   1028 
                                   1029 	.area .debug_frame (NOLOAD)
      000000 00 00                 1030 	.dw	0
      000002 00 0E                 1031 	.dw	Ldebug_CIE_end-Ldebug_CIE_start
      000004                       1032 Ldebug_CIE_start:
      000004 FF FF                 1033 	.dw	0xffff
      000006 FF FF                 1034 	.dw	0xffff
      000008 01                    1035 	.db	1
      000009 00                    1036 	.db	0
      00000A 01                    1037 	.uleb128	1
      00000B 01                    1038 	.sleb128	1
      00000C 00                    1039 	.db	0
      00000D 0C                    1040 	.db	12
      00000E 00                    1041 	.uleb128	0
      00000F 00                    1042 	.uleb128	0
      000010 80                    1043 	.db	128
      000011 00                    1044 	.uleb128	0
      000012                       1045 Ldebug_CIE_end:
