                                      1 ;--------------------------------------------------------
                                      2 ; File Created by SDCC : free open source ANSI-C Compiler
                                      3 ; Version 3.6.0 #9615 (Linux)
                                      4 ;--------------------------------------------------------
                                      5 	.module stm8s_iwdg
                                      6 	.optsdcc -mstm8
                                      7 	
                                      8 ;--------------------------------------------------------
                                      9 ; Public variables in this module
                                     10 ;--------------------------------------------------------
                                     11 	.globl _IWDG_WriteAccessCmd
                                     12 	.globl _IWDG_SetPrescaler
                                     13 	.globl _IWDG_SetReload
                                     14 	.globl _IWDG_ReloadCounter
                                     15 	.globl _IWDG_Enable
                                     16 ;--------------------------------------------------------
                                     17 ; ram data
                                     18 ;--------------------------------------------------------
                                     19 	.area DATA
                                     20 ;--------------------------------------------------------
                                     21 ; ram data
                                     22 ;--------------------------------------------------------
                                     23 	.area INITIALIZED
                                     24 ;--------------------------------------------------------
                                     25 ; absolute external ram data
                                     26 ;--------------------------------------------------------
                                     27 	.area DABS (ABS)
                                     28 ;--------------------------------------------------------
                                     29 ; global & static initialisations
                                     30 ;--------------------------------------------------------
                                     31 	.area HOME
                                     32 	.area GSINIT
                                     33 	.area GSFINAL
                                     34 	.area GSINIT
                                     35 ;--------------------------------------------------------
                                     36 ; Home
                                     37 ;--------------------------------------------------------
                                     38 	.area HOME
                                     39 	.area HOME
                                     40 ;--------------------------------------------------------
                                     41 ; code
                                     42 ;--------------------------------------------------------
                                     43 	.area CODE
                           000000    44 	Sstm8s_iwdg$IWDG_WriteAccessCmd$0 ==.
                                     45 ;	StdPeriphLib/src/stm8s_iwdg.c: 48: void IWDG_WriteAccessCmd(IWDG_WriteAccess_TypeDef IWDG_WriteAccess)
                                     46 ;	-----------------------------------------
                                     47 ;	 function IWDG_WriteAccessCmd
                                     48 ;	-----------------------------------------
      000000                         49 _IWDG_WriteAccessCmd:
      000000 3Bu00u01         [ 1]   50 	push	_fp_+1
      000003 3Bu00u00         [ 1]   51 	push	_fp_
      000006 90 96            [ 1]   52 	ldw	y, sp
      000008 90 CFu00u00      [ 2]   53 	ldw	_fp_, y
                           00000C    54 	Sstm8s_iwdg$IWDG_WriteAccessCmd$1 ==.
                           00000C    55 	Sstm8s_iwdg$IWDG_WriteAccessCmd$2 ==.
                                     56 ;	StdPeriphLib/src/stm8s_iwdg.c: 53: IWDG->KR = (uint8_t)IWDG_WriteAccess; /* Write Access */
      00000C AE 50 E0         [ 2]   57 	ldw	x, #0x50e0
      00000F 7B 05            [ 1]   58 	ld	a, (0x05, sp)
      000011 F7               [ 1]   59 	ld	(x), a
                           000012    60 	Sstm8s_iwdg$IWDG_WriteAccessCmd$3 ==.
                                     61 ;	StdPeriphLib/src/stm8s_iwdg.c: 54: }
                           000012    62 	Sstm8s_iwdg$IWDG_WriteAccessCmd$4 ==.
                           000012    63 	XG$IWDG_WriteAccessCmd$0$0 ==.
      000012 32u00u00         [ 1]   64 	pop	_fp_
      000015 32u00u01         [ 1]   65 	pop	_fp_+1
      000018 81               [ 4]   66 	ret
                           000019    67 	Sstm8s_iwdg$IWDG_WriteAccessCmd$5 ==.
                           000019    68 	Sstm8s_iwdg$IWDG_SetPrescaler$6 ==.
                                     69 ;	StdPeriphLib/src/stm8s_iwdg.c: 63: void IWDG_SetPrescaler(IWDG_Prescaler_TypeDef IWDG_Prescaler)
                                     70 ;	-----------------------------------------
                                     71 ;	 function IWDG_SetPrescaler
                                     72 ;	-----------------------------------------
      000019                         73 _IWDG_SetPrescaler:
      000019 3Bu00u01         [ 1]   74 	push	_fp_+1
      00001C 3Bu00u00         [ 1]   75 	push	_fp_
      00001F 90 96            [ 1]   76 	ldw	y, sp
      000021 90 CFu00u00      [ 2]   77 	ldw	_fp_, y
                           000025    78 	Sstm8s_iwdg$IWDG_SetPrescaler$7 ==.
                           000025    79 	Sstm8s_iwdg$IWDG_SetPrescaler$8 ==.
                                     80 ;	StdPeriphLib/src/stm8s_iwdg.c: 68: IWDG->PR = (uint8_t)IWDG_Prescaler;
      000025 AE 50 E1         [ 2]   81 	ldw	x, #0x50e1
      000028 7B 05            [ 1]   82 	ld	a, (0x05, sp)
      00002A F7               [ 1]   83 	ld	(x), a
                           00002B    84 	Sstm8s_iwdg$IWDG_SetPrescaler$9 ==.
                                     85 ;	StdPeriphLib/src/stm8s_iwdg.c: 69: }
                           00002B    86 	Sstm8s_iwdg$IWDG_SetPrescaler$10 ==.
                           00002B    87 	XG$IWDG_SetPrescaler$0$0 ==.
      00002B 32u00u00         [ 1]   88 	pop	_fp_
      00002E 32u00u01         [ 1]   89 	pop	_fp_+1
      000031 81               [ 4]   90 	ret
                           000032    91 	Sstm8s_iwdg$IWDG_SetPrescaler$11 ==.
                           000032    92 	Sstm8s_iwdg$IWDG_SetReload$12 ==.
                                     93 ;	StdPeriphLib/src/stm8s_iwdg.c: 78: void IWDG_SetReload(uint8_t IWDG_Reload)
                                     94 ;	-----------------------------------------
                                     95 ;	 function IWDG_SetReload
                                     96 ;	-----------------------------------------
      000032                         97 _IWDG_SetReload:
      000032 3Bu00u01         [ 1]   98 	push	_fp_+1
      000035 3Bu00u00         [ 1]   99 	push	_fp_
      000038 90 96            [ 1]  100 	ldw	y, sp
      00003A 90 CFu00u00      [ 2]  101 	ldw	_fp_, y
                           00003E   102 	Sstm8s_iwdg$IWDG_SetReload$13 ==.
                           00003E   103 	Sstm8s_iwdg$IWDG_SetReload$14 ==.
                                    104 ;	StdPeriphLib/src/stm8s_iwdg.c: 80: IWDG->RLR = IWDG_Reload;
      00003E AE 50 E2         [ 2]  105 	ldw	x, #0x50e2
      000041 7B 05            [ 1]  106 	ld	a, (0x05, sp)
      000043 F7               [ 1]  107 	ld	(x), a
                           000044   108 	Sstm8s_iwdg$IWDG_SetReload$15 ==.
                                    109 ;	StdPeriphLib/src/stm8s_iwdg.c: 81: }
                           000044   110 	Sstm8s_iwdg$IWDG_SetReload$16 ==.
                           000044   111 	XG$IWDG_SetReload$0$0 ==.
      000044 32u00u00         [ 1]  112 	pop	_fp_
      000047 32u00u01         [ 1]  113 	pop	_fp_+1
      00004A 81               [ 4]  114 	ret
                           00004B   115 	Sstm8s_iwdg$IWDG_SetReload$17 ==.
                           00004B   116 	Sstm8s_iwdg$IWDG_ReloadCounter$18 ==.
                                    117 ;	StdPeriphLib/src/stm8s_iwdg.c: 89: void IWDG_ReloadCounter(void)
                                    118 ;	-----------------------------------------
                                    119 ;	 function IWDG_ReloadCounter
                                    120 ;	-----------------------------------------
      00004B                        121 _IWDG_ReloadCounter:
      00004B 3Bu00u01         [ 1]  122 	push	_fp_+1
      00004E 3Bu00u00         [ 1]  123 	push	_fp_
      000051 90 96            [ 1]  124 	ldw	y, sp
      000053 90 CFu00u00      [ 2]  125 	ldw	_fp_, y
                           000057   126 	Sstm8s_iwdg$IWDG_ReloadCounter$19 ==.
                           000057   127 	Sstm8s_iwdg$IWDG_ReloadCounter$20 ==.
                                    128 ;	StdPeriphLib/src/stm8s_iwdg.c: 91: IWDG->KR = IWDG_KEY_REFRESH;
      000057 35 AA 50 E0      [ 1]  129 	mov	0x50e0+0, #0xaa
                           00005B   130 	Sstm8s_iwdg$IWDG_ReloadCounter$21 ==.
                                    131 ;	StdPeriphLib/src/stm8s_iwdg.c: 92: }
                           00005B   132 	Sstm8s_iwdg$IWDG_ReloadCounter$22 ==.
                           00005B   133 	XG$IWDG_ReloadCounter$0$0 ==.
      00005B 32u00u00         [ 1]  134 	pop	_fp_
      00005E 32u00u01         [ 1]  135 	pop	_fp_+1
      000061 81               [ 4]  136 	ret
                           000062   137 	Sstm8s_iwdg$IWDG_ReloadCounter$23 ==.
                           000062   138 	Sstm8s_iwdg$IWDG_Enable$24 ==.
                                    139 ;	StdPeriphLib/src/stm8s_iwdg.c: 99: void IWDG_Enable(void)
                                    140 ;	-----------------------------------------
                                    141 ;	 function IWDG_Enable
                                    142 ;	-----------------------------------------
      000062                        143 _IWDG_Enable:
      000062 3Bu00u01         [ 1]  144 	push	_fp_+1
      000065 3Bu00u00         [ 1]  145 	push	_fp_
      000068 90 96            [ 1]  146 	ldw	y, sp
      00006A 90 CFu00u00      [ 2]  147 	ldw	_fp_, y
                           00006E   148 	Sstm8s_iwdg$IWDG_Enable$25 ==.
                           00006E   149 	Sstm8s_iwdg$IWDG_Enable$26 ==.
                                    150 ;	StdPeriphLib/src/stm8s_iwdg.c: 101: IWDG->KR = IWDG_KEY_ENABLE;
      00006E 35 CC 50 E0      [ 1]  151 	mov	0x50e0+0, #0xcc
                           000072   152 	Sstm8s_iwdg$IWDG_Enable$27 ==.
                                    153 ;	StdPeriphLib/src/stm8s_iwdg.c: 102: }
                           000072   154 	Sstm8s_iwdg$IWDG_Enable$28 ==.
                           000072   155 	XG$IWDG_Enable$0$0 ==.
      000072 32u00u00         [ 1]  156 	pop	_fp_
      000075 32u00u01         [ 1]  157 	pop	_fp_+1
      000078 81               [ 4]  158 	ret
                           000079   159 	Sstm8s_iwdg$IWDG_Enable$29 ==.
                                    160 	.area CODE
                                    161 	.area INITIALIZER
                                    162 	.area CABS (ABS)
                                    163 
                                    164 	.area .debug_line (NOLOAD)
      000000 00 00 01 AE            165 	.dw	0,Ldebug_line_end-Ldebug_line_start
      000004                        166 Ldebug_line_start:
      000004 00 02                  167 	.dw	2
      000006 00 00 01 19            168 	.dw	0,Ldebug_line_stmt-6-Ldebug_line_start
      00000A 01                     169 	.db	1
      00000B 01                     170 	.db	1
      00000C FB                     171 	.db	-5
      00000D 0F                     172 	.db	15
      00000E 0A                     173 	.db	10
      00000F 00                     174 	.db	0
      000010 01                     175 	.db	1
      000011 01                     176 	.db	1
      000012 01                     177 	.db	1
      000013 01                     178 	.db	1
      000014 00                     179 	.db	0
      000015 00                     180 	.db	0
      000016 00                     181 	.db	0
      000017 01                     182 	.db	1
      000018 2F 68 6F 6D 65 2F 63   183 	.ascii "/home/cas/software/stm8-binutils/bin/../share/sdcc/include/stm8"
             61 73 2F 73 6F 66 74
             77 61 72 65 2F 73 74
             6D 38 2D 62 69 6E 75
             74 69 6C 73 2F 62 69
             6E 2F 2E 2E 2F 73 68
             61 72 65 2F 73 64 63
             63 2F 69 6E 63 6C 75
             64 65 2F 73 74 6D 38
      000057 00                     184 	.db	0
      000058 2F 68 6F 6D 65 2F 63   185 	.ascii "/home/cas/software/stm8-binutils/share/sdcc/include/stm8"
             61 73 2F 73 6F 66 74
             77 61 72 65 2F 73 74
             6D 38 2D 62 69 6E 75
             74 69 6C 73 2F 73 68
             61 72 65 2F 73 64 63
             63 2F 69 6E 63 6C 75
             64 65 2F 73 74 6D 38
      000090 00                     186 	.db	0
      000091 2F 68 6F 6D 65 2F 63   187 	.ascii "/home/cas/software/stm8-binutils/bin/../share/sdcc/include"
             61 73 2F 73 6F 66 74
             77 61 72 65 2F 73 74
             6D 38 2D 62 69 6E 75
             74 69 6C 73 2F 62 69
             6E 2F 2E 2E 2F 73 68
             61 72 65 2F 73 64 63
             63 2F 69 6E 63 6C 75
             64 65
      0000CB 00                     188 	.db	0
      0000CC 2F 68 6F 6D 65 2F 63   189 	.ascii "/home/cas/software/stm8-binutils/share/sdcc/include"
             61 73 2F 73 6F 66 74
             77 61 72 65 2F 73 74
             6D 38 2D 62 69 6E 75
             74 69 6C 73 2F 73 68
             61 72 65 2F 73 64 63
             63 2F 69 6E 63 6C 75
             64 65
      0000FF 00                     190 	.db	0
      000100 00                     191 	.db	0
      000101 53 74 64 50 65 72 69   192 	.ascii "StdPeriphLib/src/stm8s_iwdg.c"
             70 68 4C 69 62 2F 73
             72 63 2F 73 74 6D 38
             73 5F 69 77 64 67 2E
             63
      00011E 00                     193 	.db	0
      00011F 00                     194 	.uleb128	0
      000120 00                     195 	.uleb128	0
      000121 00                     196 	.uleb128	0
      000122 00                     197 	.db	0
      000123                        198 Ldebug_line_stmt:
      000123 00                     199 	.db	0
      000124 05                     200 	.uleb128	5
      000125 02                     201 	.db	2
      000126 00 00r00r00            202 	.dw	0,(Sstm8s_iwdg$IWDG_WriteAccessCmd$0)
      00012A 03                     203 	.db	3
      00012B 2F                     204 	.sleb128	47
      00012C 01                     205 	.db	1
      00012D 09                     206 	.db	9
      00012E 00 0C                  207 	.dw	Sstm8s_iwdg$IWDG_WriteAccessCmd$2-Sstm8s_iwdg$IWDG_WriteAccessCmd$0
      000130 03                     208 	.db	3
      000131 05                     209 	.sleb128	5
      000132 01                     210 	.db	1
      000133 09                     211 	.db	9
      000134 00 06                  212 	.dw	Sstm8s_iwdg$IWDG_WriteAccessCmd$3-Sstm8s_iwdg$IWDG_WriteAccessCmd$2
      000136 03                     213 	.db	3
      000137 01                     214 	.sleb128	1
      000138 01                     215 	.db	1
      000139 09                     216 	.db	9
      00013A 00 07                  217 	.dw	7+Sstm8s_iwdg$IWDG_WriteAccessCmd$4-Sstm8s_iwdg$IWDG_WriteAccessCmd$3
      00013C 00                     218 	.db	0
      00013D 01                     219 	.uleb128	1
      00013E 01                     220 	.db	1
      00013F 00                     221 	.db	0
      000140 05                     222 	.uleb128	5
      000141 02                     223 	.db	2
      000142 00 00r00r19            224 	.dw	0,(Sstm8s_iwdg$IWDG_SetPrescaler$6)
      000146 03                     225 	.db	3
      000147 3E                     226 	.sleb128	62
      000148 01                     227 	.db	1
      000149 09                     228 	.db	9
      00014A 00 0C                  229 	.dw	Sstm8s_iwdg$IWDG_SetPrescaler$8-Sstm8s_iwdg$IWDG_SetPrescaler$6
      00014C 03                     230 	.db	3
      00014D 05                     231 	.sleb128	5
      00014E 01                     232 	.db	1
      00014F 09                     233 	.db	9
      000150 00 06                  234 	.dw	Sstm8s_iwdg$IWDG_SetPrescaler$9-Sstm8s_iwdg$IWDG_SetPrescaler$8
      000152 03                     235 	.db	3
      000153 01                     236 	.sleb128	1
      000154 01                     237 	.db	1
      000155 09                     238 	.db	9
      000156 00 07                  239 	.dw	7+Sstm8s_iwdg$IWDG_SetPrescaler$10-Sstm8s_iwdg$IWDG_SetPrescaler$9
      000158 00                     240 	.db	0
      000159 01                     241 	.uleb128	1
      00015A 01                     242 	.db	1
      00015B 00                     243 	.db	0
      00015C 05                     244 	.uleb128	5
      00015D 02                     245 	.db	2
      00015E 00 00r00r32            246 	.dw	0,(Sstm8s_iwdg$IWDG_SetReload$12)
      000162 03                     247 	.db	3
      000163 CD 00                  248 	.sleb128	77
      000165 01                     249 	.db	1
      000166 09                     250 	.db	9
      000167 00 0C                  251 	.dw	Sstm8s_iwdg$IWDG_SetReload$14-Sstm8s_iwdg$IWDG_SetReload$12
      000169 03                     252 	.db	3
      00016A 02                     253 	.sleb128	2
      00016B 01                     254 	.db	1
      00016C 09                     255 	.db	9
      00016D 00 06                  256 	.dw	Sstm8s_iwdg$IWDG_SetReload$15-Sstm8s_iwdg$IWDG_SetReload$14
      00016F 03                     257 	.db	3
      000170 01                     258 	.sleb128	1
      000171 01                     259 	.db	1
      000172 09                     260 	.db	9
      000173 00 07                  261 	.dw	7+Sstm8s_iwdg$IWDG_SetReload$16-Sstm8s_iwdg$IWDG_SetReload$15
      000175 00                     262 	.db	0
      000176 01                     263 	.uleb128	1
      000177 01                     264 	.db	1
      000178 00                     265 	.db	0
      000179 05                     266 	.uleb128	5
      00017A 02                     267 	.db	2
      00017B 00 00r00r4B            268 	.dw	0,(Sstm8s_iwdg$IWDG_ReloadCounter$18)
      00017F 03                     269 	.db	3
      000180 D8 00                  270 	.sleb128	88
      000182 01                     271 	.db	1
      000183 09                     272 	.db	9
      000184 00 0C                  273 	.dw	Sstm8s_iwdg$IWDG_ReloadCounter$20-Sstm8s_iwdg$IWDG_ReloadCounter$18
      000186 03                     274 	.db	3
      000187 02                     275 	.sleb128	2
      000188 01                     276 	.db	1
      000189 09                     277 	.db	9
      00018A 00 04                  278 	.dw	Sstm8s_iwdg$IWDG_ReloadCounter$21-Sstm8s_iwdg$IWDG_ReloadCounter$20
      00018C 03                     279 	.db	3
      00018D 01                     280 	.sleb128	1
      00018E 01                     281 	.db	1
      00018F 09                     282 	.db	9
      000190 00 07                  283 	.dw	7+Sstm8s_iwdg$IWDG_ReloadCounter$22-Sstm8s_iwdg$IWDG_ReloadCounter$21
      000192 00                     284 	.db	0
      000193 01                     285 	.uleb128	1
      000194 01                     286 	.db	1
      000195 00                     287 	.db	0
      000196 05                     288 	.uleb128	5
      000197 02                     289 	.db	2
      000198 00 00r00r62            290 	.dw	0,(Sstm8s_iwdg$IWDG_Enable$24)
      00019C 03                     291 	.db	3
      00019D E2 00                  292 	.sleb128	98
      00019F 01                     293 	.db	1
      0001A0 09                     294 	.db	9
      0001A1 00 0C                  295 	.dw	Sstm8s_iwdg$IWDG_Enable$26-Sstm8s_iwdg$IWDG_Enable$24
      0001A3 03                     296 	.db	3
      0001A4 02                     297 	.sleb128	2
      0001A5 01                     298 	.db	1
      0001A6 09                     299 	.db	9
      0001A7 00 04                  300 	.dw	Sstm8s_iwdg$IWDG_Enable$27-Sstm8s_iwdg$IWDG_Enable$26
      0001A9 03                     301 	.db	3
      0001AA 01                     302 	.sleb128	1
      0001AB 01                     303 	.db	1
      0001AC 09                     304 	.db	9
      0001AD 00 07                  305 	.dw	7+Sstm8s_iwdg$IWDG_Enable$28-Sstm8s_iwdg$IWDG_Enable$27
      0001AF 00                     306 	.db	0
      0001B0 01                     307 	.uleb128	1
      0001B1 01                     308 	.db	1
      0001B2                        309 Ldebug_line_end:
                                    310 
                                    311 	.area .debug_loc (NOLOAD)
      000000                        312 Ldebug_loc_start:
      000000 00 00r00r6E            313 	.dw	0,(Sstm8s_iwdg$IWDG_Enable$25)
      000004 00 00r00r79            314 	.dw	0,(Sstm8s_iwdg$IWDG_Enable$29)
      000008 00 02                  315 	.dw	2
      00000A 8F                     316 	.db	143
      00000B 01                     317 	.sleb128	1
      00000C 00 00 00 00            318 	.dw	0,0
      000010 00 00 00 00            319 	.dw	0,0
      000014 00 00r00r57            320 	.dw	0,(Sstm8s_iwdg$IWDG_ReloadCounter$19)
      000018 00 00r00r62            321 	.dw	0,(Sstm8s_iwdg$IWDG_ReloadCounter$23)
      00001C 00 02                  322 	.dw	2
      00001E 8F                     323 	.db	143
      00001F 01                     324 	.sleb128	1
      000020 00 00 00 00            325 	.dw	0,0
      000024 00 00 00 00            326 	.dw	0,0
      000028 00 00r00r3E            327 	.dw	0,(Sstm8s_iwdg$IWDG_SetReload$13)
      00002C 00 00r00r4B            328 	.dw	0,(Sstm8s_iwdg$IWDG_SetReload$17)
      000030 00 02                  329 	.dw	2
      000032 8F                     330 	.db	143
      000033 01                     331 	.sleb128	1
      000034 00 00 00 00            332 	.dw	0,0
      000038 00 00 00 00            333 	.dw	0,0
      00003C 00 00r00r25            334 	.dw	0,(Sstm8s_iwdg$IWDG_SetPrescaler$7)
      000040 00 00r00r32            335 	.dw	0,(Sstm8s_iwdg$IWDG_SetPrescaler$11)
      000044 00 02                  336 	.dw	2
      000046 8F                     337 	.db	143
      000047 01                     338 	.sleb128	1
      000048 00 00 00 00            339 	.dw	0,0
      00004C 00 00 00 00            340 	.dw	0,0
      000050 00 00r00r0C            341 	.dw	0,(Sstm8s_iwdg$IWDG_WriteAccessCmd$1)
      000054 00 00r00r19            342 	.dw	0,(Sstm8s_iwdg$IWDG_WriteAccessCmd$5)
      000058 00 02                  343 	.dw	2
      00005A 8F                     344 	.db	143
      00005B 01                     345 	.sleb128	1
      00005C 00 00 00 00            346 	.dw	0,0
      000060 00 00 00 00            347 	.dw	0,0
                                    348 
                                    349 	.area .debug_abbrev (NOLOAD)
      000000                        350 Ldebug_abbrev:
      000000 03                     351 	.uleb128	3
      000001 05                     352 	.uleb128	5
      000002 00                     353 	.db	0
      000003 02                     354 	.uleb128	2
      000004 0A                     355 	.uleb128	10
      000005 03                     356 	.uleb128	3
      000006 08                     357 	.uleb128	8
      000007 49                     358 	.uleb128	73
      000008 13                     359 	.uleb128	19
      000009 00                     360 	.uleb128	0
      00000A 00                     361 	.uleb128	0
      00000B 02                     362 	.uleb128	2
      00000C 2E                     363 	.uleb128	46
      00000D 01                     364 	.db	1
      00000E 01                     365 	.uleb128	1
      00000F 13                     366 	.uleb128	19
      000010 03                     367 	.uleb128	3
      000011 08                     368 	.uleb128	8
      000012 11                     369 	.uleb128	17
      000013 01                     370 	.uleb128	1
      000014 12                     371 	.uleb128	18
      000015 01                     372 	.uleb128	1
      000016 3F                     373 	.uleb128	63
      000017 0C                     374 	.uleb128	12
      000018 40                     375 	.uleb128	64
      000019 06                     376 	.uleb128	6
      00001A 00                     377 	.uleb128	0
      00001B 00                     378 	.uleb128	0
      00001C 01                     379 	.uleb128	1
      00001D 11                     380 	.uleb128	17
      00001E 01                     381 	.db	1
      00001F 03                     382 	.uleb128	3
      000020 08                     383 	.uleb128	8
      000021 10                     384 	.uleb128	16
      000022 06                     385 	.uleb128	6
      000023 13                     386 	.uleb128	19
      000024 0B                     387 	.uleb128	11
      000025 25                     388 	.uleb128	37
      000026 08                     389 	.uleb128	8
      000027 00                     390 	.uleb128	0
      000028 00                     391 	.uleb128	0
      000029 05                     392 	.uleb128	5
      00002A 2E                     393 	.uleb128	46
      00002B 00                     394 	.db	0
      00002C 03                     395 	.uleb128	3
      00002D 08                     396 	.uleb128	8
      00002E 11                     397 	.uleb128	17
      00002F 01                     398 	.uleb128	1
      000030 12                     399 	.uleb128	18
      000031 01                     400 	.uleb128	1
      000032 3F                     401 	.uleb128	63
      000033 0C                     402 	.uleb128	12
      000034 40                     403 	.uleb128	64
      000035 06                     404 	.uleb128	6
      000036 00                     405 	.uleb128	0
      000037 00                     406 	.uleb128	0
      000038 04                     407 	.uleb128	4
      000039 24                     408 	.uleb128	36
      00003A 00                     409 	.db	0
      00003B 03                     410 	.uleb128	3
      00003C 08                     411 	.uleb128	8
      00003D 0B                     412 	.uleb128	11
      00003E 0B                     413 	.uleb128	11
      00003F 3E                     414 	.uleb128	62
      000040 0B                     415 	.uleb128	11
      000041 00                     416 	.uleb128	0
      000042 00                     417 	.uleb128	0
      000043 00                     418 	.uleb128	0
                                    419 
                                    420 	.area .debug_info (NOLOAD)
      000000 00 00 01 45            421 	.dw	0,Ldebug_info_end-Ldebug_info_start
      000004                        422 Ldebug_info_start:
      000004 00 02                  423 	.dw	2
      000006 00 00r00r00            424 	.dw	0,(Ldebug_abbrev)
      00000A 04                     425 	.db	4
      00000B 01                     426 	.uleb128	1
      00000C 53 74 64 50 65 72 69   427 	.ascii "StdPeriphLib/src/stm8s_iwdg.c"
             70 68 4C 69 62 2F 73
             72 63 2F 73 74 6D 38
             73 5F 69 77 64 67 2E
             63
      000029 00                     428 	.db	0
      00002A 00 00r00r00            429 	.dw	0,(Ldebug_line_start+-4)
      00002E 01                     430 	.db	1
      00002F 53 44 43 43 20 76 65   431 	.ascii "SDCC version 3.6.0 #9615"
             72 73 69 6F 6E 20 33
             2E 36 2E 30 20 23 39
             36 31 35
      000047 00                     432 	.db	0
      000048 02                     433 	.uleb128	2
      000049 00 00 00 88            434 	.dw	0,136
      00004D 49 57 44 47 5F 57 72   435 	.ascii "IWDG_WriteAccessCmd"
             69 74 65 41 63 63 65
             73 73 43 6D 64
      000060 00                     436 	.db	0
      000061 00 00r00r00            437 	.dw	0,(_IWDG_WriteAccessCmd)
      000065 00 00r00r19            438 	.dw	0,(XG$IWDG_WriteAccessCmd$0$0+7)
      000069 01                     439 	.db	1
      00006A 00 00r00r50            440 	.dw	0,(Ldebug_loc_start+80)
      00006E 03                     441 	.uleb128	3
      00006F 02                     442 	.db	2
      000070 91                     443 	.db	145
      000071 04                     444 	.sleb128	4
      000072 49 57 44 47 5F 57 72   445 	.ascii "IWDG_WriteAccess"
             69 74 65 41 63 63 65
             73 73
      000082 00                     446 	.db	0
      000083 00 00 00 88            447 	.dw	0,136
      000087 00                     448 	.uleb128	0
      000088 04                     449 	.uleb128	4
      000089 75 6E 73 69 67 6E 65   450 	.ascii "unsigned char"
             64 20 63 68 61 72
      000096 00                     451 	.db	0
      000097 01                     452 	.db	1
      000098 08                     453 	.db	8
      000099 02                     454 	.uleb128	2
      00009A 00 00 00 D5            455 	.dw	0,213
      00009E 49 57 44 47 5F 53 65   456 	.ascii "IWDG_SetPrescaler"
             74 50 72 65 73 63 61
             6C 65 72
      0000AF 00                     457 	.db	0
      0000B0 00 00r00r19            458 	.dw	0,(_IWDG_SetPrescaler)
      0000B4 00 00r00r32            459 	.dw	0,(XG$IWDG_SetPrescaler$0$0+7)
      0000B8 01                     460 	.db	1
      0000B9 00 00r00r3C            461 	.dw	0,(Ldebug_loc_start+60)
      0000BD 03                     462 	.uleb128	3
      0000BE 02                     463 	.db	2
      0000BF 91                     464 	.db	145
      0000C0 04                     465 	.sleb128	4
      0000C1 49 57 44 47 5F 50 72   466 	.ascii "IWDG_Prescaler"
             65 73 63 61 6C 65 72
      0000CF 00                     467 	.db	0
      0000D0 00 00 00 88            468 	.dw	0,136
      0000D4 00                     469 	.uleb128	0
      0000D5 02                     470 	.uleb128	2
      0000D6 00 00 01 0B            471 	.dw	0,267
      0000DA 49 57 44 47 5F 53 65   472 	.ascii "IWDG_SetReload"
             74 52 65 6C 6F 61 64
      0000E8 00                     473 	.db	0
      0000E9 00 00r00r32            474 	.dw	0,(_IWDG_SetReload)
      0000ED 00 00r00r4B            475 	.dw	0,(XG$IWDG_SetReload$0$0+7)
      0000F1 01                     476 	.db	1
      0000F2 00 00r00r28            477 	.dw	0,(Ldebug_loc_start+40)
      0000F6 03                     478 	.uleb128	3
      0000F7 02                     479 	.db	2
      0000F8 91                     480 	.db	145
      0000F9 04                     481 	.sleb128	4
      0000FA 49 57 44 47 5F 52 65   482 	.ascii "IWDG_Reload"
             6C 6F 61 64
      000105 00                     483 	.db	0
      000106 00 00 00 88            484 	.dw	0,136
      00010A 00                     485 	.uleb128	0
      00010B 05                     486 	.uleb128	5
      00010C 49 57 44 47 5F 52 65   487 	.ascii "IWDG_ReloadCounter"
             6C 6F 61 64 43 6F 75
             6E 74 65 72
      00011E 00                     488 	.db	0
      00011F 00 00r00r4B            489 	.dw	0,(_IWDG_ReloadCounter)
      000123 00 00r00r62            490 	.dw	0,(XG$IWDG_ReloadCounter$0$0+7)
      000127 01                     491 	.db	1
      000128 00 00r00r14            492 	.dw	0,(Ldebug_loc_start+20)
      00012C 05                     493 	.uleb128	5
      00012D 49 57 44 47 5F 45 6E   494 	.ascii "IWDG_Enable"
             61 62 6C 65
      000138 00                     495 	.db	0
      000139 00 00r00r62            496 	.dw	0,(_IWDG_Enable)
      00013D 00 00r00r79            497 	.dw	0,(XG$IWDG_Enable$0$0+7)
      000141 01                     498 	.db	1
      000142 00 00r00r00            499 	.dw	0,(Ldebug_loc_start)
      000146 00                     500 	.uleb128	0
      000147 00                     501 	.uleb128	0
      000148 00                     502 	.uleb128	0
      000149                        503 Ldebug_info_end:
                                    504 
                                    505 	.area .debug_pubnames (NOLOAD)
      000000 00 00 00 76            506 	.dw	0,Ldebug_pubnames_end-Ldebug_pubnames_start
      000004                        507 Ldebug_pubnames_start:
      000004 00 02                  508 	.dw	2
      000006 00 00r00r00            509 	.dw	0,(Ldebug_info_start-4)
      00000A 00 00 01 49            510 	.dw	0,4+Ldebug_info_end-Ldebug_info_start
      00000E 00 00 00 48            511 	.dw	0,72
      000012 49 57 44 47 5F 57 72   512 	.ascii "IWDG_WriteAccessCmd"
             69 74 65 41 63 63 65
             73 73 43 6D 64
      000025 00                     513 	.db	0
      000026 00 00 00 99            514 	.dw	0,153
      00002A 49 57 44 47 5F 53 65   515 	.ascii "IWDG_SetPrescaler"
             74 50 72 65 73 63 61
             6C 65 72
      00003B 00                     516 	.db	0
      00003C 00 00 00 D5            517 	.dw	0,213
      000040 49 57 44 47 5F 53 65   518 	.ascii "IWDG_SetReload"
             74 52 65 6C 6F 61 64
      00004E 00                     519 	.db	0
      00004F 00 00 01 0B            520 	.dw	0,267
      000053 49 57 44 47 5F 52 65   521 	.ascii "IWDG_ReloadCounter"
             6C 6F 61 64 43 6F 75
             6E 74 65 72
      000065 00                     522 	.db	0
      000066 00 00 01 2C            523 	.dw	0,300
      00006A 49 57 44 47 5F 45 6E   524 	.ascii "IWDG_Enable"
             61 62 6C 65
      000075 00                     525 	.db	0
      000076 00 00 00 00            526 	.dw	0,0
      00007A                        527 Ldebug_pubnames_end:
                                    528 
                                    529 	.area .debug_frame (NOLOAD)
      000000 00 00                  530 	.dw	0
      000002 00 0E                  531 	.dw	Ldebug_CIE_end-Ldebug_CIE_start
      000004                        532 Ldebug_CIE_start:
      000004 FF FF                  533 	.dw	0xffff
      000006 FF FF                  534 	.dw	0xffff
      000008 01                     535 	.db	1
      000009 00                     536 	.db	0
      00000A 01                     537 	.uleb128	1
      00000B 01                     538 	.sleb128	1
      00000C 00                     539 	.db	0
      00000D 0C                     540 	.db	12
      00000E 00                     541 	.uleb128	0
      00000F 00                     542 	.uleb128	0
      000010 80                     543 	.db	128
      000011 00                     544 	.uleb128	0
      000012                        545 Ldebug_CIE_end:
